Archive member included to satisfy reference by file (symbol)

C:/devkitPro/portlibs/3ds/lib\libopusfile.a(info.o)
                              audio.o (opus_tags_query)
C:/devkitPro/portlibs/3ds/lib\libopusfile.a(internal.o)
                              C:/devkitPro/portlibs/3ds/lib\libopusfile.a(info.o) (op_strncasecmp)
C:/devkitPro/portlibs/3ds/lib\libopusfile.a(opusfile.o)
                              audio.o (op_open_file)
C:/devkitPro/portlibs/3ds/lib\libopusfile.a(stream.o)
                              C:/devkitPro/portlibs/3ds/lib\libopusfile.a(opusfile.o) (op_fopen)
C:/devkitPro/portlibs/3ds/lib\libopus.a(opus.o)
                              C:/devkitPro/portlibs/3ds/lib\libopusfile.a(opusfile.o) (opus_pcm_soft_clip)
C:/devkitPro/portlibs/3ds/lib\libopus.a(opus_decoder.o)
                              C:/devkitPro/portlibs/3ds/lib\libopusfile.a(opusfile.o) (opus_packet_get_nb_frames)
C:/devkitPro/portlibs/3ds/lib\libopus.a(opus_multistream_decoder.o)
                              C:/devkitPro/portlibs/3ds/lib\libopusfile.a(opusfile.o) (opus_multistream_decoder_create)
C:/devkitPro/portlibs/3ds/lib\libopus.a(celt.o)
                              C:/devkitPro/portlibs/3ds/lib\libopus.a(opus_decoder.o) (celt_fatal)
C:/devkitPro/portlibs/3ds/lib\libopus.a(celt_decoder.o)
                              C:/devkitPro/portlibs/3ds/lib\libopus.a(opus_decoder.o) (celt_decoder_get_size)
C:/devkitPro/portlibs/3ds/lib\libopus.a(entcode.o)
                              C:/devkitPro/portlibs/3ds/lib\libopus.a(celt_decoder.o) (ec_tell_frac)
C:/devkitPro/portlibs/3ds/lib\libopus.a(entdec.o)
                              C:/devkitPro/portlibs/3ds/lib\libopus.a(opus_decoder.o) (ec_dec_init)
C:/devkitPro/portlibs/3ds/lib\libopus.a(mdct.o)
                              C:/devkitPro/portlibs/3ds/lib\libopus.a(celt_decoder.o) (clt_mdct_backward_c)
C:/devkitPro/portlibs/3ds/lib\libopus.a(modes.o)
                              C:/devkitPro/portlibs/3ds/lib\libopus.a(celt_decoder.o) (opus_custom_mode_create)
C:/devkitPro/portlibs/3ds/lib\libopus.a(pitch.o)
                              C:/devkitPro/portlibs/3ds/lib\libopus.a(celt_decoder.o) (pitch_downsample)
C:/devkitPro/portlibs/3ds/lib\libopus.a(celt_lpc.o)
                              C:/devkitPro/portlibs/3ds/lib\libopus.a(celt_decoder.o) (_celt_lpc)
C:/devkitPro/portlibs/3ds/lib\libopus.a(quant_bands.o)
                              C:/devkitPro/portlibs/3ds/lib\libopus.a(celt_decoder.o) (unquant_coarse_energy)
C:/devkitPro/portlibs/3ds/lib\libopus.a(rate.o)
                              C:/devkitPro/portlibs/3ds/lib\libopus.a(celt_decoder.o) (clt_compute_allocation)
C:/devkitPro/portlibs/3ds/lib\libopus.a(vq.o)
                              C:/devkitPro/portlibs/3ds/lib\libopus.a(celt_decoder.o) (renormalise_vector)
C:/devkitPro/portlibs/3ds/lib\libopus.a(dec_API.o)
                              C:/devkitPro/portlibs/3ds/lib\libopus.a(opus_decoder.o) (silk_Get_Decoder_Size)
C:/devkitPro/portlibs/3ds/lib\libopus.a(tables_other.o)
                              C:/devkitPro/portlibs/3ds/lib\libopus.a(dec_API.o) (silk_LBRR_flags_iCDF_ptr)
C:/devkitPro/portlibs/3ds/lib\libopus.a(stereo_MS_to_LR.o)
                              C:/devkitPro/portlibs/3ds/lib\libopus.a(dec_API.o) (silk_stereo_MS_to_LR)
C:/devkitPro/portlibs/3ds/lib\libopus.a(resampler.o)
                              C:/devkitPro/portlibs/3ds/lib\libopus.a(dec_API.o) (silk_resampler)
C:/devkitPro/portlibs/3ds/lib\libopus.a(resampler_private_down_FIR.o)
                              C:/devkitPro/portlibs/3ds/lib\libopus.a(resampler.o) (silk_resampler_private_down_FIR)
C:/devkitPro/portlibs/3ds/lib\libopus.a(resampler_private_IIR_FIR.o)
                              C:/devkitPro/portlibs/3ds/lib\libopus.a(resampler.o) (silk_resampler_private_IIR_FIR)
C:/devkitPro/portlibs/3ds/lib\libopus.a(resampler_private_up2_HQ.o)
                              C:/devkitPro/portlibs/3ds/lib\libopus.a(resampler_private_IIR_FIR.o) (silk_resampler_private_up2_HQ)
C:/devkitPro/portlibs/3ds/lib\libopus.a(resampler_rom.o)
                              C:/devkitPro/portlibs/3ds/lib\libopus.a(resampler_private_IIR_FIR.o) (silk_resampler_frac_FIR_12)
C:/devkitPro/portlibs/3ds/lib\libopus.a(stereo_decode_pred.o)
                              C:/devkitPro/portlibs/3ds/lib\libopus.a(dec_API.o) (silk_stereo_decode_pred)
C:/devkitPro/portlibs/3ds/lib\libopus.a(opus_multistream.o)
                              C:/devkitPro/portlibs/3ds/lib\libopus.a(opus_multistream_decoder.o) (validate_layout)
C:/devkitPro/portlibs/3ds/lib\libopus.a(bands.o)
                              C:/devkitPro/portlibs/3ds/lib\libopus.a(celt_decoder.o) (celt_lcg_rand)
C:/devkitPro/portlibs/3ds/lib\libopus.a(cwrs.o)
                              C:/devkitPro/portlibs/3ds/lib\libopus.a(vq.o) (encode_pulses)
C:/devkitPro/portlibs/3ds/lib\libopus.a(entenc.o)
[...]
Memory Configuration

Name             Origin             Length             Attributes
*default*        0x00000000         0xffffffff

Linker script and memory map

                0x00000000                        __sync_synchronize = __sync_synchronize_dmb
                0x00100000                        PROVIDE (__start__ = 0x100000)
                0x00100000                        . = __start__

.text           0x00100000    0x92bc8
 *(.crt0)
 .crt0          0x00100000       0x94 C:/devkitPro/devkitARM/bin/../lib/gcc/arm-none-eabi/15.2.0/../../../../arm-none-eabi/lib/armv6k/fpu/3dsx_crt0.o
                0x00100000                _start
                0x00100008                __service_ptr
                0x0010000c                __apt_appid
                0x00100010                __heap_size
                0x00100014                __linear_heap_size
                0x00100018                __system_arglist
                0x0010001c                __system_runflags
 *(.init)
 .init          0x00100094        0xc C:/devkitPro/devkitARM/bin/../lib/gcc/arm-none-eabi/15.2.0/armv6k/fpu/crti.o
                0x00100094                _init
 .init          0x001000a0        0xc C:/devkitPro/devkitARM/bin/../lib/gcc/arm-none-eabi/15.2.0/armv6k/fpu/crtn.o
                0x001000ac                        . = ALIGN (0x4)
 *(.text)
 .text          0x001000ac      0x20c C:/devkitPro/devkitARM/bin/../lib/gcc/arm-none-eabi/15.2.0/armv6k/fpu\libgcc.a(_udivsi3.o)
                0x001000ac                __aeabi_uidiv
                0x001000ac                __udivsi3
                0x00100298                __aeabi_uidivmod
 .text          0x001002b8      0x240 C:/devkitPro/devkitARM/bin/../lib/gcc/arm-none-eabi/15.2.0/armv6k/fpu\libgcc.a(_divsi3.o)
                0x001002b8                __divsi3
                0x001002b8                __aeabi_idiv
                0x001004d8                __aeabi_idivmod
 .text          0x001004f8        0x4 C:/devkitPro/devkitARM/bin/../lib/gcc/arm-none-eabi/15.2.0/armv6k/fpu\libgcc.a(_dvmd_tls.o)
                0x001004f8                __aeabi_idiv0
                0x001004f8                __aeabi_ldiv0
 .text          0x001004fc      0x3c0 C:/devkitPro/devkitARM/bin/../lib/gcc/arm-none-eabi/15.2.0/armv6k/fpu\libgcc.a(_arm_addsubdf3.o)
                0x001004fc                __aeabi_drsub
                0x00100504                __aeabi_dsub
                0x00100504                __subdf3
                0x00100508                __aeabi_dadd
                0x00100508                __adddf3
                0x001007b4                __floatunsidf
                0x001007b4                __aeabi_ui2d
                0x001007d8                __floatsidf
                0x001007d8                __aeabi_i2d
                0x00100800                __aeabi_f2d
                0x00100800                __extendsfdf2
                0x00100848                __floatundidf
                0x00100848                __aeabi_ul2d
                0x0010085c                __floatdidf
                0x0010085c                __aeabi_l2d
 .text          0x001008bc      0x250 C:/devkitPro/devkitARM/bin/../lib/gcc/arm-none-eabi/15.2.0/armv6k/fpu\libgcc.a(_arm_addsubsf3.o)
                0x001008bc                __aeabi_frsub
                0x001008c4                __subsf3
                0x001008c4                __aeabi_fsub
                0x001008c8                __aeabi_fadd
                0x001008c8                __addsf3
                0x00100a58                __aeabi_ui2f
                0x00100a58                __floatunsisf
                0x00100a60                __aeabi_i2f
                0x00100a60                __floatsisf
                0x00100a80                __aeabi_ul2f
                0x00100a80                __floatundisf
                0x00100a90                __aeabi_l2f
                0x00100a90                __floatdisf
 .text          0x00100b0c       0xd4 C:/devkitPro/devkitARM/bin/../lib/gcc/arm-none-eabi/15.2.0/armv6k/fpu\libgcc.a(_aeabi_ldivmod.o)
                0x00100b0c                __aeabi_ldivmod
 .text          0x00100be0       0x3c C:/devkitPro/devkitARM/bin/../lib/gcc/arm-none-eabi/15.2.0/armv6k/fpu\libgcc.a(_aeabi_uldivmod.o)
                0x00100be0                __aeabi_uldivmod
 *fill*         0x00100c1c        0x4 
 .text          0x00100c20      0x390 C:/devkitPro/devkitARM/bin/../lib/gcc/arm-none-eabi/15.2.0/../../../../arm-none-eabi/lib/armv6k/fpu\libg.a(libc_a-strcmp.o)
                0x00100c28                strcmp
 *(.text.*)
 .text.__do_global_dtors_aux
                0x00100fb0       0x50 C:/devkitPro/devkitARM/bin/../lib/gcc/arm-none-eabi/15.2.0/armv6k/fpu/crtbegin.o
 .text.frame_dummy
                0x00101000       0x2c C:/devkitPro/devkitARM/bin/../lib/gcc/arm-none-eabi/15.2.0/armv6k/fpu/crtbegin.o
 .text.drflac_oggbs__seek_physical
                0x0010102c       0xf4 audio.o
 .text.drflac__on_tell_ogg
                0x00101120        0x8 audio.o
 .text.drwav__seek_forward
                0x00101128       0x6c audio.o
 .text.bit_reverse
                0x00101194       0x64 audio.o
 .text.uint32_compare
                0x001011f8       0x24 audio.o
 .text.point_compare
                0x0010121c       0x24 audio.o
 .text.imdct_step3_inner_r_loop
                0x00101240      0x1ac audio.o
 .text.vorbis_finish_frame
                0x001013ec      0x18c audio.o
 .text.drflac__reload_cache
                0x00101578      0x284 audio.o
 .text.drflac__read_int32
                0x001017fc      0x1b0 audio.o
 .text.drflac__read_uint8
                0x001019ac      0x138 audio.o
 .text.drflac__read_subframe_header
                0x00101ae4      0x150 audio.o
 .text.drflac__read_uint16
                0x00101c34      0x138 audio.o
 .text.drflac__seek_bits
                0x00101d6c      0x178 audio.o
 .text.drflac__read_utf8_coded_number
                0x00101ee4      0x170 audio.o
 .text.drflac__seek_to_byte
                0x00102054       0xfc audio.o
 .text.drwav__metadata_get_memory
                0x00102150       0x88 audio.o
 .text.imdct_step3_iter0_loop
                0x001021d8      0x1bc audio.o
 .text.drflac__on_seek_stdio
                0x00102394       0x28 audio.o
 .text.drflac__on_read_stdio
                0x001023bc       0x10 audio.o
 .text.getn     0x001023cc       0x80 audio.o
 .text.drflac__free_default
                0x0010244c        0x4 audio.o
 .text.vorbis_deinit
                0x00102450      0x480 audio.o
 .text.setup_temp_free
                0x001028d0       0x2c audio.o
 .text.drflac__realloc_default
                0x001028fc        0x4 audio.o
 .text.drflac__malloc_default
                0x00102900        0x4 audio.o
 .text.setup_temp_malloc
                0x00102904       0x44 audio.o
 .text.setup_malloc
                0x00102948       0x54 audio.o
 *fill*         0x0010299c        0x4 
 .text.drflac__read_streaminfo
                0x001029a0      0x130 audio.o
 .text.drwav__on_write_stdio
                0x00102ad0       0x10 audio.o
 .text.is_whole_packet_present
                0x00102ae0      0x1c0 audio.o
 .text.get8     0x00102ca0       0x78 audio.o
 .text.float32_unpack
                0x00102d18       0x40 audio.o
 .text.drwav__seek_from_start
                0x00102d58       0x88 audio.o
 .text.ilog     0x00102de0       0xc0 audio.o
 .text.drflac__on_tell_stdio
                0x00102ea0       0x80 audio.o
 .text.drwav__on_tell_stdio
                0x00102f20       0x80 audio.o
 .text.skip     0x00102fa0       0x70 audio.o
 .text.drwav_seek_to_first_pcm_frame
                0x00103010       0xa8 audio.o
 .text.drwav_read_pcm_frames_s16__msadpcm.part.0
                0x001030b8      0x4f8 audio.o
 .text.drwav_read_pcm_frames_s16__ima.part.0
                0x001035b0      0x438 audio.o
 .text.drflac_ogg__read_page_header_after_capture_pattern.constprop.0
                0x001039e8      0x12c audio.o
 .text.drflac_ogg__read_page_header
                0x00103b14       0xe4 audio.o
 .text.drflac_oggbs__goto_next_page
                0x00103bf8      0x1dc audio.o
 .text.drflac__on_seek_ogg
                0x00103dd4      0x110 audio.o
 .text.drflac__on_read_ogg
                0x00103ee4      0x100 audio.o
 .text.drflac__decode_samples_with_residual__rice__scalar_zeroorder.constprop.0
                0x00103fe4      0x400 audio.o
 .text.drflac__decode_samples_with_residual__rice__scalar
                0x001043e4     0x49ec audio.o
 .text.drflac__read_next_flac_frame_header
                0x00108dd0      0x800 audio.o
 .text.drflac__decode_samples_with_residual
                0x001095d0      0xb04 audio.o
 .text.drflac__read_and_seek_residual
                0x0010a0d4      0x4b8 audio.o
 .text.drflac__seek_flac_frame
                0x0010a58c      0x414 audio.o
 .text.drflac__free_from_callbacks
                0x0010a9a0       0x20 audio.o
 .text.drflac__malloc_from_callbacks
                0x0010a9c0       0x54 audio.o
 .text.set_file_offset.isra.0
                0x0010aa14       0xb4 audio.o
 .text.drwav_get_bytes_per_pcm_frame.isra.0
                0x0010aac8       0x34 audio.o
 *fill*         0x0010aafc        0x4 
 .text.drflac__init_private__ogg.isra.0
                0x0010ab00      0x3a4 audio.o
 .text.drflac__init_private__native.isra.0
                0x0010aea4      0x1b4 audio.o
 .text.drflac__decode_flac_frame
                0x0010b058      0x624 audio.o
 .text.drflac__read_and_decode_next_flac_frame
                0x0010b67c       0x6c audio.o
 .text.drflac_read_pcm_frames_s16.part.0
                0x0010b6e8      0x97c audio.o
 .text.drwav__malloc_default
                0x0010c064        0x4 audio.o
 .text.drwav__realloc_default
                0x0010c068        0x4 audio.o
 .text.drwav__free_default
                0x0010c06c        0x4 audio.o
 .text.drwav__on_read_stdio
                0x0010c070       0x10 audio.o
 .text.drwav__on_seek_stdio
                0x0010c080       0x28 audio.o
 .text.drwav__metadata_process_info_text_chunk
                0x0010c0a8      0x130 audio.o
 .text.drwav_buffer_reader_read_u16.isra.0
                0x0010c1d8       0x90 audio.o
 .text.drflac__seek_to_approximate_flac_frame_to_byte
                0x0010c268      0x1dc audio.o
 .text.get_seek_page_info
                0x0010c444      0x178 audio.o
 .text.inverse_mdct
                0x0010c5bc      0xba8 audio.o
 .text.drwav__write_u32ne_to_le
                0x0010d164       0x74 audio.o
 .text.drwav__write_u64ne_to_le
                0x0010d1d8       0x78 audio.o
 .text.drwav__write_u16ne_to_le
                0x0010d250       0x78 audio.o
 .text.drwav__read_chunk_header
                0x0010d2c8      0x148 audio.o
 .text.drwav_read_raw.part.0
                0x0010d410      0x178 audio.o
 .text.get32    0x0010d588      0x198 audio.o
 .text.drwav__metadata_process_unknown_chunk
                0x0010d720      0x194 audio.o
 .text.start_page_no_capturepattern
                0x0010d8b4      0x2a0 audio.o
 *fill*         0x0010db54        0x4 
 .text.drflac__seek_to_pcm_frame__binary_search_internal
                0x0010db58      0x584 audio.o
 *fill*         0x0010e0dc        0x4 
 .text.init_blocksize
                0x0010e0e0      0x584 audio.o
 .text.start_page
                0x0010e664      0x180 audio.o
 .text.start_packet
                0x0010e7e4       0x60 audio.o
 .text.next_segment
                0x0010e844       0xec audio.o
 .text.get8_packet_raw
                0x0010e930       0xe8 audio.o
 .text.get_bits
                0x0010ea18       0xb8 audio.o
 .text.get32_packet
                0x0010ead0       0x54 audio.o
 .text.codebook_decode_scalar_raw
                0x0010eb24      0x1e4 audio.o
 .text.codebook_decode_deinterleave_repeat
                0x0010ed08      0x324 audio.o
 .text.codebook_decode_start
                0x0010f02c      0x180 audio.o
 .text.decode_residue
                0x0010f1ac      0xea4 audio.o
 .text.vorbis_decode_packet_rest.isra.0
                0x00110050      0xd34 audio.o
 .text.drwav__write_or_count_metadata.part.0
                0x00110d84     0x1544 audio.o
 .text.vorbis_find_page
                0x001122c8      0x408 audio.o
 .text.maybe_start_packet
                0x001126d0      0x1f0 audio.o
 .text.vorbis_decode_initial
                0x001128c0      0x278 audio.o
 .text.vorbis_decode_packet
                0x00112b38       0x78 audio.o
 .text.vorbis_pump_first_frame
                0x00112bb0       0xa8 audio.o
 .text.drwav__metadata_process_chunk.constprop.0
                0x00112c58     0x17c0 audio.o
 .text.drflac_open_with_metadata_private
                0x00114418     0x14b8 audio.o
 .text.drflac_open_file
                0x001158d0       0x98 audio.o
                0x001158d0                drflac_open_file
 .text.drflac_close
                0x00115968       0xcc audio.o
                0x00115968                drflac_close
 .text.drflac_seek_to_pcm_frame
                0x00115a34     0x1248 audio.o
                0x00115a34                drflac_seek_to_pcm_frame
 .text.drflac_free
                0x00116c7c       0x28 audio.o
                0x00116c7c                drflac_free
 *fill*         0x00116ca4        0x4 
 .text.drwav_uninit
                0x00116ca8      0x350 audio.o
                0x00116ca8                drwav_uninit
 .text.drwav_read_pcm_frames_le
                0x00116ff8      0x12c audio.o
                0x00116ff8                drwav_read_pcm_frames_le
 .text.drwav_read_pcm_frames_be
                0x00117124      0x1d0 audio.o
                0x00117124                drwav_read_pcm_frames_be
 .text.drwav_read_pcm_frames
                0x001172f4      0x100 audio.o
                0x001172f4                drwav_read_pcm_frames
 *fill*         0x001173f4        0x4 
 .text.drwav_read_pcm_frames_s16__ieee
                0x001173f8      0x300 audio.o
 .text.drwav_read_pcm_frames_s16__alaw
                0x001176f8      0x200 audio.o
 .text.drwav_read_pcm_frames_s16__mulaw
                0x001178f8      0x200 audio.o
 .text.drwav_seek_to_pcm_frame
                0x00117af8      0x2ec audio.o
                0x00117af8                drwav_seek_to_pcm_frame
 .text.drwav_s24_to_s16
                0x00117de4       0x48 audio.o
                0x00117de4                drwav_s24_to_s16
 .text.drwav_read_pcm_frames_s16__pcm
                0x00117e2c      0x3bc audio.o
 .text.drwav_read_pcm_frames_s16
                0x001181e8      0x138 audio.o
                0x001181e8                drwav_read_pcm_frames_s16
 .text.drwav_bytes_to_u64
                0x00118320       0x10 audio.o
                0x00118320                drwav_bytes_to_u64
 .text.drwav_fourcc_equal
                0x00118330       0x50 audio.o
                0x00118330                drwav_fourcc_equal
 .text.drwav_init__internal
                0x00118380     0x1888 audio.o
 .text.drwav_init_file__internal_FILE
                0x00119c08       0xd8 audio.o
 .text.drwav_init_file_ex
                0x00119ce0       0x60 audio.o
                0x00119ce0                drwav_init_file_ex
 .text.stb_vorbis_get_file_offset
                0x00119d40       0x58 audio.o
                0x00119d40                stb_vorbis_get_file_offset
 .text.start_decoder
                0x00119d98     0x219c audio.o
 .text.stb_vorbis_stream_length_in_samples
                0x0011bf34      0x1bc audio.o
                0x0011bf34                stb_vorbis_stream_length_in_samples
 .text.stb_vorbis_seek_frame
                0x0011c0f0      0x804 audio.o
                0x0011c0f0                stb_vorbis_seek_frame
 .text.stb_vorbis_get_frame_float
                0x0011c8f4       0xc0 audio.o
                0x0011c8f4                stb_vorbis_get_frame_float
 .text.stb_vorbis_seek
                0x0011c9b4       0xac audio.o
                0x0011c9b4                stb_vorbis_seek
 .text.audio_thread
                0x0011ca60      0x670 audio.o
 .text.stb_vorbis_open_file_section
                0x0011d0d0      0x114 audio.o
                0x0011d0d0                stb_vorbis_open_file_section
 .text.stb_vorbis_open_file
                0x0011d1e4       0x6c audio.o
                0x0011d1e4                stb_vorbis_open_file
 .text.audio_init
                0x0011d250      0x13c audio.o
                0x0011d250                audio_init
 .text.audio_play
                0x0011d38c       0x28 audio.o
                0x0011d38c                audio_play
 *fill*         0x0011d3b4        0x4 
 .text.audio_stop
                0x0011d3b8      0x110 audio.o
                0x0011d3b8                audio_stop
 .text.audio_exit
                0x0011d4c8       0x64 audio.o
                0x0011d4c8                audio_exit
 *fill*         0x0011d52c        0x4 
 .text.audio_load
                0x0011d530      0x7c4 audio.o
                0x0011d530                audio_load
 .text.audio_toggle_pause
                0x0011dcf4       0x4c audio.o
                0x0011dcf4                audio_toggle_pause
 .text.audio_seek
                0x0011dd40      0x128 audio.o
                0x0011dd40                audio_seek
 .text.audio_get_position
                0x0011de68       0x38 audio.o
                0x0011de68                audio_get_position
 .text.audio_get_duration
                0x0011dea0       0x10 audio.o
                0x0011dea0                audio_get_duration
 .text.audio_get_position_pct
                0x0011deb0       0x6c audio.o
                0x0011deb0                audio_get_position_pct
 .text.audio_set_volume
                0x0011df1c       0x74 audio.o
                0x0011df1c                audio_set_volume
 .text.audio_get_volume
                0x0011df90       0x10 audio.o
                0x0011df90                audio_get_volume
 .text.audio_get_state
                0x0011dfa0       0x10 audio.o
                0x0011dfa0                audio_get_state
 .text.audio_is_finished
                0x0011dfb0       0x30 audio.o
                0x0011dfb0                audio_is_finished
 .text.audio_get_metadata
                0x0011dfe0        0xc audio.o
                0x0011dfe0                audio_get_metadata
 .text.audio_get_visualizer
                0x0011dfec       0x20 audio.o
                0x0011dfec                audio_get_visualizer
 .text.audio_eq_set_gain
                0x0011e00c       0x18 audio.o
                0x0011e00c                audio_eq_set_gain
 .text.audio_eq_get_gain
                0x0011e024       0x20 audio.o
                0x0011e024                audio_eq_get_gain
 .text.eq_draw_top
                0x0011e044      0x480 equalizer.o
                0x0011e044                eq_draw_top
 .text.eq_draw_bottom
                0x0011e4c4      0x38c equalizer.o
                0x0011e4c4                eq_draw_bottom
 .text.eq_handle_input
                0x0011e850      0x128 equalizer.o
                0x0011e850                eq_handle_input
 .text.cmp_entries
                0x0011e978       0x34 filebrowser.o
 .text.ext_match
                0x0011e9ac       0x94 filebrowser.o
 .text.fb_reload
                0x0011ea40      0x184 filebrowser.o
                0x0011ea40                fb_reload
 .text.fb_enter_dir
                0x0011ebc4       0x30 filebrowser.o
                0x0011ebc4                fb_enter_dir
 .text.fb_init  0x0011ebf4       0x38 filebrowser.o
                0x0011ebf4                fb_init
 .text.fb_go_up
                0x0011ec2c       0x58 filebrowser.o
                0x0011ec2c                fb_go_up
 .text.fb_select_next
                0x0011ec84       0x38 filebrowser.o
                0x0011ec84                fb_select_next
 .text.fb_select_prev
                0x0011ecbc       0x28 filebrowser.o
                0x0011ecbc                fb_select_prev
 .text.fb_draw_top
                0x0011ece4      0x238 filebrowser.o
                0x0011ece4                fb_draw_top
 .text.fb_draw_bottom
                0x0011ef1c      0x3f0 filebrowser.o
                0x0011ef1c                fb_draw_bottom
 .text.input_update
                0x0011f30c       0x54 input.o
                0x0011f30c                input_update
 .text.play_current_track
                0x0011f360       0xa4 main.o
 .text.startup.main
                0x0011f404      0x9f4 main.o
                0x0011f404                main
 .text.player_ui_init
                0x0011fdf8       0x28 player_ui.o
                0x0011fdf8                player_ui_init
 .text.player_ui_update
                0x0011fe20       0xc4 player_ui.o
                0x0011fe20                player_ui_update
 *fill*         0x0011fee4        0x4 
 .text.player_ui_draw_top
                0x0011fee8      0xf88 player_ui.o
                0x0011fee8                player_ui_draw_top
 .text.player_ui_draw_bottom
                0x00120e70      0x610 player_ui.o
                0x00120e70                player_ui_draw_bottom
 .text.player_ui_cycle_viz
                0x00121480       0x28 player_ui.o
                0x00121480                player_ui_cycle_viz
 .text.player_ui_load_cover
                0x001214a8       0x20 player_ui.o
                0x001214a8                player_ui_load_cover
 .text.pl_init  0x001214c8       0x24 playlist.o
                0x001214c8                pl_init
 .text.pl_clear
                0x001214ec       0x1c playlist.o
                0x001214ec                pl_clear
 .text.pl_rebuild_shuffle
                0x00121508       0x7c playlist.o
                0x00121508                pl_rebuild_shuffle
 .text.pl_add   0x00121584       0xa0 playlist.o
                0x00121584                pl_add
 .text.pl_add_dir
                0x00121624       0xf0 playlist.o
                0x00121624                pl_add_dir
 .text.pl_remove
                0x00121714       0x9c playlist.o
                0x00121714                pl_remove
 .text.pl_toggle_shuffle
                0x001217b0       0x1c playlist.o
                0x001217b0                pl_toggle_shuffle
 .text.pl_next  0x001217cc       0xb0 playlist.o
                0x001217cc                pl_next
 .text.pl_prev  0x0012187c       0xb4 playlist.o
                0x0012187c                pl_prev
 .text.pl_jump  0x00121930       0x2c playlist.o
                0x00121930                pl_jump
 .text.pl_draw_top
                0x0012195c      0x398 playlist.o
                0x0012195c                pl_draw_top
 .text.pl_draw_bottom
                0x00121cf4      0x470 playlist.o
                0x00121cf4                pl_draw_bottom
 .text.settings_load
                0x00122164      0x2f8 settings.o
                0x00122164                settings_load
 .text.settings_save
                0x0012245c      0x16c settings.o
                0x0012245c                settings_save
 .text.settings_draw_top
                0x001225c8      0x2a0 settings.o
                0x001225c8                settings_draw_top
 .text.settings_draw_bottom
                0x00122868      0x428 settings.o
                0x00122868                settings_draw_bottom
 .text.settings_handle_input
                0x00122c90      0x394 settings.o
                0x00122c90                settings_handle_input
 .text.theme_init
                0x00123024       0x14 theme.o
                0x00123024                theme_init
 .text.theme_set
                0x00123038       0x10 theme.o
                0x00123038                theme_set
 .text.theme_count
                0x00123048        0x8 theme.o
                0x00123048                theme_count
 .text.theme_get
                0x00123050       0x1c theme.o
                0x00123050                theme_get
 .text.theme_name
                0x0012306c       0x1c theme.o
                0x0012306c                theme_name
 .text.op_strdup_with_len
                0x00123088       0x50 C:/devkitPro/portlibs/3ds/lib\libopusfile.a(info.o)
 .text.op_tags_ensure_capacity
                0x001230d8       0x9c C:/devkitPro/portlibs/3ds/lib\libopusfile.a(info.o)
 .text.opus_tags_parse_impl
                0x00123174      0x1f4 C:/devkitPro/portlibs/3ds/lib\libopusfile.a(info.o)
 .text.opus_tags_get_gain.isra.0.constprop.1
                0x00123368       0xf4 C:/devkitPro/portlibs/3ds/lib\libopusfile.a(info.o)
 .text.opus_head_parse
                0x0012345c      0x204 C:/devkitPro/portlibs/3ds/lib\libopusfile.a(info.o)
                0x0012345c                opus_head_parse
 .text.opus_tags_clear
                0x00123660       0x60 C:/devkitPro/portlibs/3ds/lib\libopusfile.a(info.o)
                0x00123660                opus_tags_clear
 .text.opus_tags_parse
                0x001236c0       0x74 C:/devkitPro/portlibs/3ds/lib\libopusfile.a(info.o)
                0x001236c0                opus_tags_parse
 .text.opus_tags_query
                0x00123734       0xa4 C:/devkitPro/portlibs/3ds/lib\libopusfile.a(info.o)
                0x00123734                opus_tags_query
 .text.opus_tags_get_album_gain
                0x001237d8       0x1c C:/devkitPro/portlibs/3ds/lib\libopusfile.a(info.o)
                0x001237d8                opus_tags_get_album_gain
 .text.opus_tags_get_track_gain
                0x001237f4       0x1c C:/devkitPro/portlibs/3ds/lib\libopusfile.a(info.o)
                0x001237f4                opus_tags_get_track_gain
 .text.op_strncasecmp
                0x00123810       0x58 C:/devkitPro/portlibs/3ds/lib\libopusfile.a(internal.o)
                0x00123810                op_strncasecmp
 .text.op_granpos_add
                0x00123868      0x104 C:/devkitPro/portlibs/3ds/lib\libopusfile.a(opusfile.o)
 .text.op_stereo_filter
                0x0012396c       0xfc C:/devkitPro/portlibs/3ds/lib\libopusfile.a(opusfile.o)
 .text.op_get_next_page
                0x00123a68      0x178 C:/devkitPro/portlibs/3ds/lib\libopusfile.a(opusfile.o)
 .text.op_fetch_headers_impl
                0x00123be0      0x2e4 C:/devkitPro/portlibs/3ds/lib\libopusfile.a(opusfile.o)
 .text.op_fetch_headers
                0x00123ec4       0xa8 C:/devkitPro/portlibs/3ds/lib\libopusfile.a(opusfile.o)
 .text.op_get_packet_duration
                0x00123f6c       0x38 C:/devkitPro/portlibs/3ds/lib\libopusfile.a(opusfile.o)
 .text.op_collect_audio_packets
                0x00123fa4       0x98 C:/devkitPro/portlibs/3ds/lib\libopusfile.a(opusfile.o)
 .text.op_clear
                0x0012403c       0xd4 C:/devkitPro/portlibs/3ds/lib\libopusfile.a(opusfile.o)
 .text.op_seek_helper
                0x00124110       0x6c C:/devkitPro/portlibs/3ds/lib\libopusfile.a(opusfile.o)
 .text.op_float2short_filter
                0x0012417c      0x438 C:/devkitPro/portlibs/3ds/lib\libopusfile.a(opusfile.o)
 .text.op_decode
                0x001245b4       0xa4 C:/devkitPro/portlibs/3ds/lib\libopusfile.a(opusfile.o)
 .text.op_rescale64.part.0
                0x00124658       0xe4 C:/devkitPro/portlibs/3ds/lib\libopusfile.a(opusfile.o)
 .text.op_granpos_diff
                0x0012473c       0xe4 C:/devkitPro/portlibs/3ds/lib\libopusfile.a(opusfile.o)
 .text.op_find_initial_pcm_offset
                0x00124820      0x394 C:/devkitPro/portlibs/3ds/lib\libopusfile.a(opusfile.o)
 .text.op_find_final_pcm_offset
                0x00124bb4      0x308 C:/devkitPro/portlibs/3ds/lib\libopusfile.a(opusfile.o)
 .text.op_update_gain.part.7
                0x00124ebc       0xcc C:/devkitPro/portlibs/3ds/lib\libopusfile.a(opusfile.o)
 .text.op_make_decode_ready.part.8
                0x00124f88      0x140 C:/devkitPro/portlibs/3ds/lib\libopusfile.a(opusfile.o)
 .text.op_fetch_and_process_page
                0x001250c8      0x8fc C:/devkitPro/portlibs/3ds/lib\libopusfile.a(opusfile.o)
 .text.op_float2short_stereo_filter
                0x001259c4       0xb4 C:/devkitPro/portlibs/3ds/lib\libopusfile.a(opusfile.o)
 .text.op_read_native.part.10
                0x00125a78      0x408 C:/devkitPro/portlibs/3ds/lib\libopusfile.a(opusfile.o)
 .text.op_filter_read_native
                0x00125e80       0xb8 C:/devkitPro/portlibs/3ds/lib\libopusfile.a(opusfile.o)
 .text.op_open_seekable2
                0x00125f38      0xea4 C:/devkitPro/portlibs/3ds/lib\libopusfile.a(opusfile.o)
 .text.op_open2
                0x00126ddc       0x64 C:/devkitPro/portlibs/3ds/lib\libopusfile.a(opusfile.o)
 .text.op_test_callbacks
                0x00126e40      0x244 C:/devkitPro/portlibs/3ds/lib\libopusfile.a(opusfile.o)
                0x00126e40                op_test_callbacks
 .text.op_open_callbacks
                0x00127084       0x4c C:/devkitPro/portlibs/3ds/lib\libopusfile.a(opusfile.o)
                0x00127084                op_open_callbacks
 .text.op_open_close_on_failure
                0x001270d0       0x64 C:/devkitPro/portlibs/3ds/lib\libopusfile.a(opusfile.o)
 .text.op_open_file
                0x00127134       0x34 C:/devkitPro/portlibs/3ds/lib\libopusfile.a(opusfile.o)
                0x00127134                op_open_file
 .text.op_free  0x00127168       0x20 C:/devkitPro/portlibs/3ds/lib\libopusfile.a(opusfile.o)
                0x00127168                op_free
 .text.op_pcm_total
                0x00127188       0xa0 C:/devkitPro/portlibs/3ds/lib\libopusfile.a(opusfile.o)
                0x00127188                op_pcm_total
 .text.op_tags  0x00127228       0x80 C:/devkitPro/portlibs/3ds/lib\libopusfile.a(opusfile.o)
                0x00127228                op_tags
 .text.op_pcm_seek
                0x001272a8     0x14f0 C:/devkitPro/portlibs/3ds/lib\libopusfile.a(opusfile.o)
                0x001272a8                op_pcm_seek
 .text.op_read_stereo
                0x00128798       0x24 C:/devkitPro/portlibs/3ds/lib\libopusfile.a(opusfile.o)
                0x00128798                op_read_stereo
 .text.op_ftell
                0x001287bc        0x4 C:/devkitPro/portlibs/3ds/lib\libopusfile.a(stream.o)
 .text.op_fseek
                0x001287c0        0x4 C:/devkitPro/portlibs/3ds/lib\libopusfile.a(stream.o)
 .text.op_fread
                0x001287c4       0x44 C:/devkitPro/portlibs/3ds/lib\libopusfile.a(stream.o)
 .text.op_fopen
                0x00128808       0x34 C:/devkitPro/portlibs/3ds/lib\libopusfile.a(stream.o)
                0x00128808                op_fopen
 .text.opus_pcm_soft_clip
                0x0012883c      0x2ec C:/devkitPro/portlibs/3ds/lib\libopus.a(opus.o)
                0x0012883c                opus_pcm_soft_clip
 .text.opus_packet_get_samples_per_frame
                0x00128b28       0xa4 C:/devkitPro/portlibs/3ds/lib\libopus.a(opus.o)
                0x00128b28                opus_packet_get_samples_per_frame
 .text.opus_packet_parse_impl
                0x00128bcc      0x4b4 C:/devkitPro/portlibs/3ds/lib\libopus.a(opus.o)
                0x00128bcc                opus_packet_parse_impl
 .text.smooth_fade
                0x00129080       0xac C:/devkitPro/portlibs/3ds/lib\libopus.a(opus_decoder.o)
 *fill*         0x0012912c        0x4 
 .text.opus_decode_frame
                0x00129130      0xe60 C:/devkitPro/portlibs/3ds/lib\libopus.a(opus_decoder.o)
 .text.opus_decoder_get_size
                0x00129f90       0x60 C:/devkitPro/portlibs/3ds/lib\libopus.a(opus_decoder.o)
                0x00129f90                opus_decoder_get_size
 .text.opus_decoder_init
                0x00129ff0      0x14c C:/devkitPro/portlibs/3ds/lib\libopus.a(opus_decoder.o)
                0x00129ff0                opus_decoder_init
 .text.opus_decode_native
                0x0012a13c      0x600 C:/devkitPro/portlibs/3ds/lib\libopus.a(opus_decoder.o)
                0x0012a13c                opus_decode_native
 .text.opus_decoder_ctl
                0x0012a73c      0x200 C:/devkitPro/portlibs/3ds/lib\libopus.a(opus_decoder.o)
                0x0012a73c                opus_decoder_ctl
 .text.opus_packet_get_nb_frames
                0x0012a93c       0x50 C:/devkitPro/portlibs/3ds/lib\libopus.a(opus_decoder.o)
                0x0012a93c                opus_packet_get_nb_frames
 .text.opus_packet_get_nb_samples
                0x0012a98c       0x94 C:/devkitPro/portlibs/3ds/lib\libopus.a(opus_decoder.o)
                0x0012a98c                opus_packet_get_nb_samples
 .text.opus_copy_channel_out_float
                0x0012aa20       0x6c C:/devkitPro/portlibs/3ds/lib\libopus.a(opus_multistream_decoder.o)
 .text.opus_multistream_decoder_get_size
                0x0012aa8c       0x74 C:/devkitPro/portlibs/3ds/lib\libopus.a(opus_multistream_decoder.o)
                0x0012aa8c                opus_multistream_decoder_get_size
 .text.opus_multistream_decoder_init
                0x0012ab00      0x130 C:/devkitPro/portlibs/3ds/lib\libopus.a(opus_multistream_decoder.o)
                0x0012ab00                opus_multistream_decoder_init
 .text.opus_multistream_decoder_create
                0x0012ac30       0xdc C:/devkitPro/portlibs/3ds/lib\libopus.a(opus_multistream_decoder.o)
                0x0012ac30                opus_multistream_decoder_create
 .text.opus_multistream_decoder_ctl_va_list
                0x0012ad0c      0x284 C:/devkitPro/portlibs/3ds/lib\libopus.a(opus_multistream_decoder.o)
                0x0012ad0c                opus_multistream_decoder_ctl_va_list
 .text.opus_multistream_decoder_ctl
                0x0012af90       0x2c C:/devkitPro/portlibs/3ds/lib\libopus.a(opus_multistream_decoder.o)
                0x0012af90                opus_multistream_decoder_ctl
 .text.opus_multistream_decode_native
                0x0012afbc      0x46c C:/devkitPro/portlibs/3ds/lib\libopus.a(opus_multistream_decoder.o)
                0x0012afbc                opus_multistream_decode_native
 .text.opus_multistream_decode_float
                0x0012b428       0x3c C:/devkitPro/portlibs/3ds/lib\libopus.a(opus_multistream_decoder.o)
                0x0012b428                opus_multistream_decode_float
 .text.opus_multistream_decoder_destroy
                0x0012b464        0x4 C:/devkitPro/portlibs/3ds/lib\libopus.a(opus_multistream_decoder.o)
                0x0012b464                opus_multistream_decoder_destroy
 .text.celt_fatal
                0x0012b468       0x38 C:/devkitPro/portlibs/3ds/lib\libopus.a(celt.o)
                0x0012b468                celt_fatal
 .text.resampling_factor
                0x0012b4a0       0x88 C:/devkitPro/portlibs/3ds/lib\libopus.a(celt.o)
                0x0012b4a0                resampling_factor
 .text.comb_filter
                0x0012b528      0x294 C:/devkitPro/portlibs/3ds/lib\libopus.a(celt.o)
                0x0012b528                comb_filter
 .text.init_caps
                0x0012b7bc       0x78 C:/devkitPro/portlibs/3ds/lib\libopus.a(celt.o)
                0x0012b7bc                init_caps
 .text.deemphasis
                0x0012b834      0x228 C:/devkitPro/portlibs/3ds/lib\libopus.a(celt_decoder.o)
 .text.celt_synthesis
                0x0012ba5c      0x494 C:/devkitPro/portlibs/3ds/lib\libopus.a(celt_decoder.o)
 .text.celt_decode_lost
                0x0012bef0      0xe80 C:/devkitPro/portlibs/3ds/lib\libopus.a(celt_decoder.o)
 .text.validate_celt_decoder
                0x0012cd70      0x2c4 C:/devkitPro/portlibs/3ds/lib\libopus.a(celt_decoder.o)
                0x0012cd70                validate_celt_decoder
 .text.celt_decoder_get_size
                0x0012d034       0x44 C:/devkitPro/portlibs/3ds/lib\libopus.a(celt_decoder.o)
                0x0012d034                celt_decoder_get_size
 .text.celt_decode_with_ec
                0x0012d078     0x1278 C:/devkitPro/portlibs/3ds/lib\libopus.a(celt_decoder.o)
                0x0012d078                celt_decode_with_ec
 .text.opus_custom_decoder_ctl
                0x0012e2f0      0x2a4 C:/devkitPro/portlibs/3ds/lib\libopus.a(celt_decoder.o)
                0x0012e2f0                opus_custom_decoder_ctl
 .text.celt_decoder_init
                0x0012e594       0xe8 C:/devkitPro/portlibs/3ds/lib\libopus.a(celt_decoder.o)
                0x0012e594                celt_decoder_init
 .text.ec_tell_frac
                0x0012e67c       0x40 C:/devkitPro/portlibs/3ds/lib\libopus.a(entcode.o)
                0x0012e67c                ec_tell_frac
 .text.ec_dec_normalize
                0x0012e6bc       0x7c C:/devkitPro/portlibs/3ds/lib\libopus.a(entdec.o)
 .text.ec_dec_init
                0x0012e738       0x5c C:/devkitPro/portlibs/3ds/lib\libopus.a(entdec.o)
                0x0012e738                ec_dec_init
 .text.ec_decode
                0x0012e794       0x3c C:/devkitPro/portlibs/3ds/lib\libopus.a(entdec.o)
                0x0012e794                ec_decode
 .text.ec_decode_bin
                0x0012e7d0       0x40 C:/devkitPro/portlibs/3ds/lib\libopus.a(entdec.o)
                0x0012e7d0                ec_decode_bin
 .text.ec_dec_update
                0x0012e810       0x3c C:/devkitPro/portlibs/3ds/lib\libopus.a(entdec.o)
                0x0012e810                ec_dec_update
 .text.ec_dec_bit_logp
                0x0012e84c       0x34 C:/devkitPro/portlibs/3ds/lib\libopus.a(entdec.o)
                0x0012e84c                ec_dec_bit_logp
 .text.ec_dec_icdf
                0x0012e880       0x58 C:/devkitPro/portlibs/3ds/lib\libopus.a(entdec.o)
                0x0012e880                ec_dec_icdf
 .text.ec_dec_bits
                0x0012e8d8       0x90 C:/devkitPro/portlibs/3ds/lib\libopus.a(entdec.o)
                0x0012e8d8                ec_dec_bits
 .text.ec_dec_uint
                0x0012e968      0x14c C:/devkitPro/portlibs/3ds/lib\libopus.a(entdec.o)
                0x0012e968                ec_dec_uint
 .text.clt_mdct_backward_c
                0x0012eab4      0x204 C:/devkitPro/portlibs/3ds/lib\libopus.a(mdct.o)
                0x0012eab4                clt_mdct_backward_c
 .text.opus_custom_mode_create
                0x0012ecb8       0x6c C:/devkitPro/portlibs/3ds/lib\libopus.a(modes.o)
                0x0012ecb8                opus_custom_mode_create
 .text.find_best_pitch
                0x0012ed24      0x10c C:/devkitPro/portlibs/3ds/lib\libopus.a(pitch.o)
 .text.celt_pitch_xcorr_c.part.0
                0x0012ee30      0x288 C:/devkitPro/portlibs/3ds/lib\libopus.a(pitch.o)
 .text.pitch_downsample
                0x0012f0b8      0x278 C:/devkitPro/portlibs/3ds/lib\libopus.a(pitch.o)
                0x0012f0b8                pitch_downsample
 .text.celt_pitch_xcorr_c
                0x0012f330       0x34 C:/devkitPro/portlibs/3ds/lib\libopus.a(pitch.o)
                0x0012f330                celt_pitch_xcorr_c
 .text.pitch_search
                0x0012f364      0x29c C:/devkitPro/portlibs/3ds/lib\libopus.a(pitch.o)
                0x0012f364                pitch_search
 .text.xcorr_kernel_c
                0x0012f600      0x1fc C:/devkitPro/portlibs/3ds/lib\libopus.a(celt_lpc.o)
 .text._celt_lpc
                0x0012f7fc      0x114 C:/devkitPro/portlibs/3ds/lib\libopus.a(celt_lpc.o)
                0x0012f7fc                _celt_lpc
 .text.celt_fir_c
                0x0012f910      0x170 C:/devkitPro/portlibs/3ds/lib\libopus.a(celt_lpc.o)
                0x0012f910                celt_fir_c
 .text.celt_iir
                0x0012fa80      0x294 C:/devkitPro/portlibs/3ds/lib\libopus.a(celt_lpc.o)
                0x0012fa80                celt_iir
 .text._celt_autocorr
                0x0012fd14      0x178 C:/devkitPro/portlibs/3ds/lib\libopus.a(celt_lpc.o)
                0x0012fd14                _celt_autocorr
 .text.unquant_coarse_energy
                0x0012fe8c      0x1bc C:/devkitPro/portlibs/3ds/lib\libopus.a(quant_bands.o)
                0x0012fe8c                unquant_coarse_energy
 .text.unquant_fine_energy
                0x00130048       0xd8 C:/devkitPro/portlibs/3ds/lib\libopus.a(quant_bands.o)
                0x00130048                unquant_fine_energy
 .text.unquant_energy_finalise
                0x00130120      0x1b8 C:/devkitPro/portlibs/3ds/lib\libopus.a(quant_bands.o)
                0x00130120                unquant_energy_finalise
 .text.clt_compute_allocation
                0x001302d8      0xeb4 C:/devkitPro/portlibs/3ds/lib\libopus.a(rate.o)
                0x001302d8                clt_compute_allocation
 .text.exp_rotation1
                0x0013118c       0xa0 C:/devkitPro/portlibs/3ds/lib\libopus.a(vq.o)
 .text.exp_rotation.part.0
                0x0013122c      0x1d4 C:/devkitPro/portlibs/3ds/lib\libopus.a(vq.o)
 .text.op_pvq_search_c
                0x00131400      0x2fc C:/devkitPro/portlibs/3ds/lib\libopus.a(vq.o)
                0x00131400                op_pvq_search_c
 .text.alg_quant
                0x001316fc      0x1e8 C:/devkitPro/portlibs/3ds/lib\libopus.a(vq.o)
                0x001316fc                alg_quant
 .text.alg_unquant
                0x001318e4      0x184 C:/devkitPro/portlibs/3ds/lib\libopus.a(vq.o)
                0x001318e4                alg_unquant
 .text.renormalise_vector
                0x00131a68       0xa4 C:/devkitPro/portlibs/3ds/lib\libopus.a(vq.o)
                0x00131a68                renormalise_vector
 *fill*         0x00131b0c        0x4 
 .text.stereo_itheta
                0x00131b10      0x2d0 C:/devkitPro/portlibs/3ds/lib\libopus.a(vq.o)
                0x00131b10                stereo_itheta
 .text.silk_Get_Decoder_Size
                0x00131de0       0x18 C:/devkitPro/portlibs/3ds/lib\libopus.a(dec_API.o)
                0x00131de0                silk_Get_Decoder_Size
 .text.silk_InitDecoder
                0x00131df8       0x38 C:/devkitPro/portlibs/3ds/lib\libopus.a(dec_API.o)
                0x00131df8                silk_InitDecoder
 .text.silk_Decode
                0x00131e30      0xc9c C:/devkitPro/portlibs/3ds/lib\libopus.a(dec_API.o)
                0x00131e30                silk_Decode
 .text.silk_stereo_MS_to_LR
                0x00132acc      0x270 C:/devkitPro/portlibs/3ds/lib\libopus.a(stereo_MS_to_LR.o)
                0x00132acc                silk_stereo_MS_to_LR
 .text.silk_resampler_init
                0x00132d3c      0x3b4 C:/devkitPro/portlibs/3ds/lib\libopus.a(resampler.o)
                0x00132d3c                silk_resampler_init
 .text.silk_resampler
                0x001330f0      0x184 C:/devkitPro/portlibs/3ds/lib\libopus.a(resampler.o)
                0x001330f0                silk_resampler
 .text.silk_resampler_private_down_FIR
                0x00133274      0x9e4 C:/devkitPro/portlibs/3ds/lib\libopus.a(resampler_private_down_FIR.o)
                0x00133274                silk_resampler_private_down_FIR
 .text.silk_resampler_private_IIR_FIR
                0x00133c58      0x1e8 C:/devkitPro/portlibs/3ds/lib\libopus.a(resampler_private_IIR_FIR.o)
                0x00133c58                silk_resampler_private_IIR_FIR
 .text.silk_resampler_private_up2_HQ
                0x00133e40      0x204 C:/devkitPro/portlibs/3ds/lib\libopus.a(resampler_private_up2_HQ.o)
                0x00133e40                silk_resampler_private_up2_HQ
 .text.silk_resampler_private_up2_HQ_wrapper
                0x00134044        0x4 C:/devkitPro/portlibs/3ds/lib\libopus.a(resampler_private_up2_HQ.o)
                0x00134044                silk_resampler_private_up2_HQ_wrapper
 .text.silk_stereo_decode_pred
                0x00134048      0x124 C:/devkitPro/portlibs/3ds/lib\libopus.a(stereo_decode_pred.o)
                0x00134048                silk_stereo_decode_pred
 .text.silk_stereo_decode_mid_only
                0x0013416c       0x20 C:/devkitPro/portlibs/3ds/lib\libopus.a(stereo_decode_pred.o)
                0x0013416c                silk_stereo_decode_mid_only
 .text.validate_layout
                0x0013418c       0x58 C:/devkitPro/portlibs/3ds/lib\libopus.a(opus_multistream.o)
                0x0013418c                validate_layout
 .text.get_left_channel
                0x001341e4       0x60 C:/devkitPro/portlibs/3ds/lib\libopus.a(opus_multistream.o)
                0x001341e4                get_left_channel
 .text.get_right_channel
                0x00134244       0x64 C:/devkitPro/portlibs/3ds/lib\libopus.a(opus_multistream.o)
                0x00134244                get_right_channel
 .text.get_mono_channel
                0x001342a8       0x64 C:/devkitPro/portlibs/3ds/lib\libopus.a(opus_multistream.o)
                0x001342a8                get_mono_channel
 .text.deinterleave_hadamard
                0x0013430c      0x108 C:/devkitPro/portlibs/3ds/lib\libopus.a(bands.o)
 .text.special_hybrid_folding.isra.0
                0x00134414       0x88 C:/devkitPro/portlibs/3ds/lib\libopus.a(bands.o)
 .text.quant_band_n1.isra.0
                0x0013449c      0x10c C:/devkitPro/portlibs/3ds/lib\libopus.a(bands.o)
 .text.intensity_stereo.isra.0
                0x001345a8       0xb0 C:/devkitPro/portlibs/3ds/lib\libopus.a(bands.o)
 .text.celt_lcg_rand
                0x00134658       0x18 C:/devkitPro/portlibs/3ds/lib\libopus.a(bands.o)
                0x00134658                celt_lcg_rand
 .text.bitexact_log2tan
                0x00134670       0x64 C:/devkitPro/portlibs/3ds/lib\libopus.a(bands.o)
                0x00134670                bitexact_log2tan
 .text.compute_theta
                0x001346d4      0x8ec C:/devkitPro/portlibs/3ds/lib\libopus.a(bands.o)
 .text.quant_partition
                0x00134fc0      0x614 C:/devkitPro/portlibs/3ds/lib\libopus.a(bands.o)
 *fill*         0x001355d4        0x4 
 .text.denormalise_bands
                0x001355d8      0x214 C:/devkitPro/portlibs/3ds/lib\libopus.a(bands.o)
                0x001355d8                denormalise_bands
 *fill*         0x001357ec        0x4 
 .text.anti_collapse
                0x001357f0      0x334 C:/devkitPro/portlibs/3ds/lib\libopus.a(bands.o)
                0x001357f0                anti_collapse
 .text.haar1    0x00135b24       0x78 C:/devkitPro/portlibs/3ds/lib\libopus.a(bands.o)
                0x00135b24                haar1
 .text.quant_band
                0x00135b9c      0x504 C:/devkitPro/portlibs/3ds/lib\libopus.a(bands.o)
 .text.quant_band_stereo
                0x001360a0      0x604 C:/devkitPro/portlibs/3ds/lib\libopus.a(bands.o)
 .text.quant_all_bands
                0x001366a4      0xeac C:/devkitPro/portlibs/3ds/lib\libopus.a(bands.o)
                0x001366a4                quant_all_bands
 .text.encode_pulses
                0x00137550      0x130 C:/devkitPro/portlibs/3ds/lib\libopus.a(cwrs.o)
                0x00137550                encode_pulses
 .text.decode_pulses
                0x00137680      0x2a8 C:/devkitPro/portlibs/3ds/lib\libopus.a(cwrs.o)
                0x00137680                decode_pulses
 .text.ec_enc_carry_out.part.0
                0x00137928       0xac C:/devkitPro/portlibs/3ds/lib\libopus.a(entenc.o)
 .text.ec_encode
                0x001379d4       0xd4 C:/devkitPro/portlibs/3ds/lib\libopus.a(entenc.o)
                0x001379d4                ec_encode
 .text.ec_enc_bit_logp
                0x00137aa8       0x84 C:/devkitPro/portlibs/3ds/lib\libopus.a(entenc.o)
                0x00137aa8                ec_enc_bit_logp
 .text.ec_enc_bits
                0x00137b2c       0xbc C:/devkitPro/portlibs/3ds/lib\libopus.a(entenc.o)
                0x00137b2c                ec_enc_bits
 .text.ec_enc_uint
                0x00137be8       0x7c C:/devkitPro/portlibs/3ds/lib\libopus.a(entenc.o)
                0x00137be8                ec_enc_uint
 .text.opus_fft_impl
                0x00137c64      0x920 C:/devkitPro/portlibs/3ds/lib\libopus.a(kiss_fft.o)
                0x00137c64                opus_fft_impl
 .text.ec_laplace_decode
                0x00138584      0x14c C:/devkitPro/portlibs/3ds/lib\libopus.a(laplace.o)
                0x00138584                ec_laplace_decode
 .text.isqrt32  0x001386d0       0x48 C:/devkitPro/portlibs/3ds/lib\libopus.a(mathops.o)
                0x001386d0                isqrt32
 .text.silk_init_decoder
                0x00138718       0x40 C:/devkitPro/portlibs/3ds/lib\libopus.a(init_decoder.o)
                0x00138718                silk_init_decoder
 .text.silk_decode_frame
                0x00138758      0x214 C:/devkitPro/portlibs/3ds/lib\libopus.a(decode_frame.o)
                0x00138758                silk_decode_frame
 .text.silk_decode_parameters
                0x0013896c      0x254 C:/devkitPro/portlibs/3ds/lib\libopus.a(decode_parameters.o)
                0x0013896c                silk_decode_parameters
 .text.silk_decode_indices
                0x00138bc0      0x404 C:/devkitPro/portlibs/3ds/lib\libopus.a(decode_indices.o)
                0x00138bc0                silk_decode_indices
 .text.silk_decode_pulses
                0x00138fc4      0x258 C:/devkitPro/portlibs/3ds/lib\libopus.a(decode_pulses.o)
                0x00138fc4                silk_decode_pulses
 .text.silk_decoder_set_fs
                0x0013921c      0x248 C:/devkitPro/portlibs/3ds/lib\libopus.a(decoder_set_fs.o)
                0x0013921c                silk_decoder_set_fs
 .text.silk_gains_dequant
                0x00139464       0xac C:/devkitPro/portlibs/3ds/lib\libopus.a(gain_quant.o)
                0x00139464                silk_gains_dequant
 .text.silk_NLSF_decode
                0x00139510      0x148 C:/devkitPro/portlibs/3ds/lib\libopus.a(NLSF_decode.o)
                0x00139510                silk_NLSF_decode
 .text.silk_PLC_Reset
                0x00139658       0x38 C:/devkitPro/portlibs/3ds/lib\libopus.a(PLC.o)
                0x00139658                silk_PLC_Reset
 .text.silk_PLC
                0x00139690      0xe54 C:/devkitPro/portlibs/3ds/lib\libopus.a(PLC.o)
                0x00139690                silk_PLC
 .text.silk_PLC_glue_frames
                0x0013a4e4      0x1ac C:/devkitPro/portlibs/3ds/lib\libopus.a(PLC.o)
                0x0013a4e4                silk_PLC_glue_frames
 .text.silk_shell_decoder
                0x0013a690      0x3d4 C:/devkitPro/portlibs/3ds/lib\libopus.a(shell_coder.o)
                0x0013a690                silk_shell_decoder
 .text.silk_NLSF_unpack
                0x0013aa64       0xb0 C:/devkitPro/portlibs/3ds/lib\libopus.a(NLSF_unpack.o)
                0x0013aa64                silk_NLSF_unpack
 .text.silk_bwexpander
                0x0013ab14       0x78 C:/devkitPro/portlibs/3ds/lib\libopus.a(bwexpander.o)
                0x0013ab14                silk_bwexpander
 .text.silk_decode_pitch
                0x0013ab8c      0x104 C:/devkitPro/portlibs/3ds/lib\libopus.a(decode_pitch.o)
                0x0013ab8c                silk_decode_pitch
 .text.silk_log2lin
                0x0013ac90       0x68 C:/devkitPro/portlibs/3ds/lib\libopus.a(log2lin.o)
                0x0013ac90                silk_log2lin
 .text.silk_LPC_analysis_filter
                0x0013acf8      0x1a4 C:/devkitPro/portlibs/3ds/lib\libopus.a(LPC_analysis_filter.o)
                0x0013acf8                silk_LPC_analysis_filter
 .text.silk_LPC_inverse_pred_gain_c
                0x0013ae9c      0x368 C:/devkitPro/portlibs/3ds/lib\libopus.a(LPC_inv_pred_gain.o)
                0x0013ae9c                silk_LPC_inverse_pred_gain_c
 .text.silk_NLSF2A
                0x0013b204      0x354 C:/devkitPro/portlibs/3ds/lib\libopus.a(NLSF2A.o)
                0x0013b204                silk_NLSF2A
 .text.silk_NLSF_stabilize
                0x0013b558      0x2f0 C:/devkitPro/portlibs/3ds/lib\libopus.a(NLSF_stabilize.o)
                0x0013b558                silk_NLSF_stabilize
 .text.silk_resampler_private_AR2
                0x0013b848       0x74 C:/devkitPro/portlibs/3ds/lib\libopus.a(resampler_private_AR2.o)
                0x0013b848                silk_resampler_private_AR2
 .text.silk_insertion_sort_increasing_all_values_int16
                0x0013b8bc       0x74 C:/devkitPro/portlibs/3ds/lib\libopus.a(sort.o)
                0x0013b8bc                silk_insertion_sort_increasing_all_values_int16
 .text.silk_sum_sqr_shift
                0x0013b930      0x120 C:/devkitPro/portlibs/3ds/lib\libopus.a(sum_sqr_shift.o)
                0x0013b930                silk_sum_sqr_shift
 .text.silk_LPC_fit
                0x0013ba50      0x1d8 C:/devkitPro/portlibs/3ds/lib\libopus.a(LPC_fit.o)
                0x0013ba50                silk_LPC_fit
 .text.silk_CNG_Reset
                0x0013bc28       0x68 C:/devkitPro/portlibs/3ds/lib\libopus.a(CNG.o)
                0x0013bc28                silk_CNG_Reset
 .text.silk_CNG
                0x0013bc90      0x9a0 C:/devkitPro/portlibs/3ds/lib\libopus.a(CNG.o)
                0x0013bc90                silk_CNG
 .text.silk_decode_signs
                0x0013c630       0xd0 C:/devkitPro/portlibs/3ds/lib\libopus.a(code_signs.o)
                0x0013c630                silk_decode_signs
 .text.silk_decode_core
                0x0013c700      0xbf4 C:/devkitPro/portlibs/3ds/lib\libopus.a(decode_core.o)
                0x0013c700                silk_decode_core
 .text.silk_bwexpander_32
                0x0013d2f4       0xa4 C:/devkitPro/portlibs/3ds/lib\libopus.a(bwexpander_32.o)
                0x0013d2f4                silk_bwexpander_32
 .text._os_update_crc
                0x0013d398       0xf0 C:/devkitPro/portlibs/3ds/lib\libogg.a(framing.o)
 .text._packetout
                0x0013d488      0x12c C:/devkitPro/portlibs/3ds/lib\libogg.a(framing.o)
 .text.ogg_page_bos
                0x0013d5b4       0x10 C:/devkitPro/portlibs/3ds/lib\libogg.a(framing.o)
                0x0013d5b4                ogg_page_bos
 .text.ogg_page_granulepos
                0x0013d5c4       0x10 C:/devkitPro/portlibs/3ds/lib\libogg.a(framing.o)
                0x0013d5c4                ogg_page_granulepos
 .text.ogg_page_serialno
                0x0013d5d4        0xc C:/devkitPro/portlibs/3ds/lib\libogg.a(framing.o)
                0x0013d5d4                ogg_page_serialno
 .text.ogg_page_packets
                0x0013d5e0       0x3c C:/devkitPro/portlibs/3ds/lib\libogg.a(framing.o)
                0x0013d5e0                ogg_page_packets
 .text.ogg_stream_clear
                0x0013d61c       0x54 C:/devkitPro/portlibs/3ds/lib\libogg.a(framing.o)
                0x0013d61c                ogg_stream_clear
 .text.ogg_stream_init
                0x0013d670       0x90 C:/devkitPro/portlibs/3ds/lib\libogg.a(framing.o)
                0x0013d670                ogg_stream_init
 .text._os_body_expand
                0x0013d700       0x88 C:/devkitPro/portlibs/3ds/lib\libogg.a(framing.o)
 .text._os_lacing_expand
                0x0013d788       0x8c C:/devkitPro/portlibs/3ds/lib\libogg.a(framing.o)
 .text.ogg_page_checksum_set
                0x0013d814       0x88 C:/devkitPro/portlibs/3ds/lib\libogg.a(framing.o)
                0x0013d814                ogg_page_checksum_set
 .text.ogg_sync_init
                0x0013d89c       0x30 C:/devkitPro/portlibs/3ds/lib\libogg.a(framing.o)
                0x0013d89c                ogg_sync_init
 .text.ogg_sync_clear
                0x0013d8cc       0x5c C:/devkitPro/portlibs/3ds/lib\libogg.a(framing.o)
                0x0013d8cc                ogg_sync_clear
 .text.ogg_sync_buffer
                0x0013d928      0x130 C:/devkitPro/portlibs/3ds/lib\libogg.a(framing.o)
                0x0013d928                ogg_sync_buffer
 .text.ogg_sync_wrote
                0x0013da58       0x34 C:/devkitPro/portlibs/3ds/lib\libogg.a(framing.o)
                0x0013da58                ogg_sync_wrote
 .text.ogg_sync_pageseek
                0x0013da8c      0x210 C:/devkitPro/portlibs/3ds/lib\libogg.a(framing.o)
                0x0013da8c                ogg_sync_pageseek
 .text.ogg_stream_pagein
                0x0013dc9c      0x380 C:/devkitPro/portlibs/3ds/lib\libogg.a(framing.o)
                0x0013dc9c                ogg_stream_pagein
 .text.ogg_sync_reset
                0x0013e01c       0x30 C:/devkitPro/portlibs/3ds/lib\libogg.a(framing.o)
                0x0013e01c                ogg_sync_reset
 *fill*         0x0013e04c        0x4 
 .text.ogg_stream_reset
                0x0013e050       0x60 C:/devkitPro/portlibs/3ds/lib\libogg.a(framing.o)
                0x0013e050                ogg_stream_reset
 .text.ogg_stream_reset_serialno
                0x0013e0b0       0x68 C:/devkitPro/portlibs/3ds/lib\libogg.a(framing.o)
                0x0013e0b0                ogg_stream_reset_serialno
 .text.ogg_stream_packetout
                0x0013e118       0x24 C:/devkitPro/portlibs/3ds/lib\libogg.a(framing.o)
                0x0013e118                ogg_stream_packetout
 .text.swap_bytes
                0x0013e13c      0x65c C:/devkitPro/portlibs/3ds/lib\libmpg123.a(libmpg123_la-format.o)
 .text.conv_s16_to_s32
                0x0013e798      0x17c C:/devkitPro/portlibs/3ds/lib\libmpg123.a(libmpg123_la-format.o)
 .text.cap_fit  0x0013e914      0x298 C:/devkitPro/portlibs/3ds/lib\libmpg123.a(libmpg123_la-format.o)
 .text.enc_chan_fit
                0x0013ebac      0x1a8 C:/devkitPro/portlibs/3ds/lib\libmpg123.a(libmpg123_la-format.o)
 .text.mpg123_encsize
                0x0013ed54       0x6c C:/devkitPro/portlibs/3ds/lib\libmpg123.a(libmpg123_la-format.o)
                0x0013ed54                mpg123_encsize
 .text.INT123_frame_output_format
                0x0013edc0      0xc44 C:/devkitPro/portlibs/3ds/lib\libmpg123.a(libmpg123_la-format.o)
                0x0013edc0                INT123_frame_output_format
 .text.mpg123_format_none
                0x0013fa04       0x70 C:/devkitPro/portlibs/3ds/lib\libmpg123.a(libmpg123_la-format.o)
                0x0013fa04                mpg123_format_none
 .text.mpg123_fmt_all
                0x0013fa74      0x1ec C:/devkitPro/portlibs/3ds/lib\libmpg123.a(libmpg123_la-format.o)
                0x0013fa74                mpg123_fmt_all
 .text.mpg123_fmt2
                0x0013fc60      0x3cc C:/devkitPro/portlibs/3ds/lib\libmpg123.a(libmpg123_la-format.o)
                0x0013fc60                mpg123_fmt2
 .text.mpg123_format
                0x0014002c       0x4c C:/devkitPro/portlibs/3ds/lib\libmpg123.a(libmpg123_la-format.o)
                0x0014002c                mpg123_format
 .text.INT123_invalidate_format
                0x00140078       0x14 C:/devkitPro/portlibs/3ds/lib\libmpg123.a(libmpg123_la-format.o)
                0x00140078                INT123_invalidate_format
 .text.INT123_decoder_synth_bytes
                0x0014008c       0x3c C:/devkitPro/portlibs/3ds/lib\libmpg123.a(libmpg123_la-format.o)
                0x0014008c                INT123_decoder_synth_bytes
 .text.INT123_samples_to_bytes
                0x001400c8       0x3c C:/devkitPro/portlibs/3ds/lib\libmpg123.a(libmpg123_la-format.o)
                0x001400c8                INT123_samples_to_bytes
 .text.INT123_bytes_to_samples
                0x00140104       0x2c C:/devkitPro/portlibs/3ds/lib\libmpg123.a(libmpg123_la-format.o)
                0x00140104                INT123_bytes_to_samples
 .text.INT123_outblock_bytes
                0x00140130       0x5c C:/devkitPro/portlibs/3ds/lib\libmpg123.a(libmpg123_la-format.o)
                0x00140130                INT123_outblock_bytes
 .text.INT123_postprocess_buffer
                0x0014018c     0x170c C:/devkitPro/portlibs/3ds/lib\libmpg123.a(libmpg123_la-format.o)
                0x0014018c                INT123_postprocess_buffer
 .text.decode_the_frame
                0x00141898       0xf0 C:/devkitPro/portlibs/3ds/lib\libmpg123.a(libmpg123_la-libmpg123.o)
 .text.frame_buffercheck.part.0.constprop.0
                0x00141988      0x1ac C:/devkitPro/portlibs/3ds/lib\libmpg123.a(libmpg123_la-libmpg123.o)
 .text.mpg123_init
                0x00141b34        0x8 C:/devkitPro/portlibs/3ds/lib\libmpg123.a(libmpg123_la-libmpg123.o)
                0x00141b34                mpg123_init
 .text.mpg123_exit
                0x00141b3c        0x4 C:/devkitPro/portlibs/3ds/lib\libmpg123.a(libmpg123_la-libmpg123.o)
                0x00141b3c                mpg123_exit
 .text.mpg123_parnew
                0x00141b40       0x80 C:/devkitPro/portlibs/3ds/lib\libmpg123.a(libmpg123_la-libmpg123.o)
                0x00141b40                mpg123_parnew
 .text.mpg123_new
                0x00141bc0       0x14 C:/devkitPro/portlibs/3ds/lib\libmpg123.a(libmpg123_la-libmpg123.o)
                0x00141bc0                mpg123_new
 *fill*         0x00141bd4        0x4 
 .text.mpg123_par
                0x00141bd8      0x150 C:/devkitPro/portlibs/3ds/lib\libmpg123.a(libmpg123_la-libmpg123.o)
                0x00141bd8                mpg123_par
 .text.mpg123_param2
                0x00141d28       0x90 C:/devkitPro/portlibs/3ds/lib\libmpg123.a(libmpg123_la-libmpg123.o)
                0x00141d28                mpg123_param2
 .text.INT123_decode_update
                0x00141db8      0x210 C:/devkitPro/portlibs/3ds/lib\libmpg123.a(libmpg123_la-libmpg123.o)
                0x00141db8                INT123_decode_update
 .text.get_next_frame
                0x00141fc8      0x284 C:/devkitPro/portlibs/3ds/lib\libmpg123.a(libmpg123_la-libmpg123.o)
 .text.do_the_seek
                0x0014224c      0x160 C:/devkitPro/portlibs/3ds/lib\libmpg123.a(libmpg123_la-libmpg123.o)
 .text.mpg123_decode_frame
                0x001423ac      0x164 C:/devkitPro/portlibs/3ds/lib\libmpg123.a(libmpg123_la-libmpg123.o)
                0x001423ac                mpg123_decode_frame
 .text.mpg123_getformat
                0x00142510       0x80 C:/devkitPro/portlibs/3ds/lib\libmpg123.a(libmpg123_la-libmpg123.o)
                0x00142510                mpg123_getformat
 .text.mpg123_tell
                0x00142590      0x158 C:/devkitPro/portlibs/3ds/lib\libmpg123.a(libmpg123_la-libmpg123.o)
                0x00142590                mpg123_tell
 .text.mpg123_length
                0x001426e8      0x198 C:/devkitPro/portlibs/3ds/lib\libmpg123.a(libmpg123_la-libmpg123.o)
                0x001426e8                mpg123_length
 .text.mpg123_scan
                0x00142880      0x1b0 C:/devkitPro/portlibs/3ds/lib\libmpg123.a(libmpg123_la-libmpg123.o)
                0x00142880                mpg123_scan
 .text.mpg123_seek
                0x00142a30      0x2e8 C:/devkitPro/portlibs/3ds/lib\libmpg123.a(libmpg123_la-libmpg123.o)
                0x00142a30                mpg123_seek
 .text.mpg123_id3
                0x00142d18       0x94 C:/devkitPro/portlibs/3ds/lib\libmpg123.a(libmpg123_la-libmpg123.o)
                0x00142d18                mpg123_id3
 .text.mpg123_close
                0x00142dac       0x60 C:/devkitPro/portlibs/3ds/lib\libmpg123.a(libmpg123_la-libmpg123.o)
                0x00142dac                mpg123_close
 .text.mpg123_open
                0x00142e0c       0x30 C:/devkitPro/portlibs/3ds/lib\libmpg123.a(libmpg123_la-libmpg123.o)
                0x00142e0c                mpg123_open
 .text.mpg123_delete
                0x00142e3c       0x24 C:/devkitPro/portlibs/3ds/lib\libmpg123.a(libmpg123_la-libmpg123.o)
                0x00142e3c                mpg123_delete
 .text.fi_shrink
                0x00142e60      0x17c C:/devkitPro/portlibs/3ds/lib\libmpg123.a(libmpg123_la-index.o)
 *fill*         0x00142fdc        0x4 
 .text.INT123_fi_init
                0x00142fe0       0x38 C:/devkitPro/portlibs/3ds/lib\libmpg123.a(libmpg123_la-index.o)
                0x00142fe0                INT123_fi_init
 .text.INT123_fi_exit
                0x00143018       0x58 C:/devkitPro/portlibs/3ds/lib\libmpg123.a(libmpg123_la-index.o)
                0x00143018                INT123_fi_exit
 .text.INT123_fi_resize
                0x00143070      0x130 C:/devkitPro/portlibs/3ds/lib\libmpg123.a(libmpg123_la-index.o)
                0x00143070                INT123_fi_resize
 .text.INT123_fi_add
                0x001431a0       0xbc C:/devkitPro/portlibs/3ds/lib\libmpg123.a(libmpg123_la-index.o)
                0x001431a0                INT123_fi_add
 *fill*         0x0014325c        0x4 
 .text.INT123_fi_reset
                0x00143260       0x28 C:/devkitPro/portlibs/3ds/lib\libmpg123.a(libmpg123_la-index.o)
                0x00143260                INT123_fi_reset
 .text.INT123_init_icy
                0x00143288        0xc C:/devkitPro/portlibs/3ds/lib\libmpg123.a(libmpg123_la-icy.o)
                0x00143288                INT123_init_icy
 .text.INT123_clear_icy
                0x00143294       0x24 C:/devkitPro/portlibs/3ds/lib\libmpg123.a(libmpg123_la-icy.o)
                0x00143294                INT123_clear_icy
 .text.INT123_reset_icy
                0x001432b8       0x24 C:/devkitPro/portlibs/3ds/lib\libmpg123.a(libmpg123_la-icy.o)
                0x001432b8                INT123_reset_icy
 .text.INT123_synth_ntom_set_step
                0x001432dc      0x290 C:/devkitPro/portlibs/3ds/lib\libmpg123.a(libmpg123_la-ntom.o)
                0x001432dc                INT123_synth_ntom_set_step
 .text.INT123_ntom_set_ntom
                0x0014356c      0x150 C:/devkitPro/portlibs/3ds/lib\libmpg123.a(libmpg123_la-ntom.o)
                0x0014356c                INT123_ntom_set_ntom
 .text.INT123_ntom_frame_outsamples
                0x001436bc       0x30 C:/devkitPro/portlibs/3ds/lib\libmpg123.a(libmpg123_la-ntom.o)
                0x001436bc                INT123_ntom_frame_outsamples
 .text.INT123_ntom_frmouts
                0x001436ec      0x100 C:/devkitPro/portlibs/3ds/lib\libmpg123.a(libmpg123_la-ntom.o)
                0x001436ec                INT123_ntom_frmouts
 .text.INT123_ntom_ins2outs
                0x001437ec       0xbc C:/devkitPro/portlibs/3ds/lib\libmpg123.a(libmpg123_la-ntom.o)
                0x001437ec                INT123_ntom_ins2outs
 .text.INT123_ntom_frameoff
                0x001438a8      0x124 C:/devkitPro/portlibs/3ds/lib\libmpg123.a(libmpg123_la-ntom.o)
                0x001438a8                INT123_ntom_frameoff
 .text.mpg123_init_string
                0x001439cc       0x14 C:/devkitPro/portlibs/3ds/lib\libmpg123.a(libmpg123_la-stringbuf.o)
                0x001439cc                mpg123_init_string
 .text.mpg123_free_string
                0x001439e0       0x30 C:/devkitPro/portlibs/3ds/lib\libmpg123.a(libmpg123_la-stringbuf.o)
                0x001439e0                mpg123_free_string
 .text.mpg123_grow_string
                0x00143a10       0x60 C:/devkitPro/portlibs/3ds/lib\libmpg123.a(libmpg123_la-stringbuf.o)
                0x00143a10                mpg123_grow_string
 .text.mpg123_move_string
                0x00143a70       0x80 C:/devkitPro/portlibs/3ds/lib\libmpg123.a(libmpg123_la-stringbuf.o)
                0x00143a70                mpg123_move_string
 .text.mpg123_same_string
                0x00143af0       0x40 C:/devkitPro/portlibs/3ds/lib\libmpg123.a(libmpg123_la-stringbuf.o)
                0x00143af0                mpg123_same_string
 .text.INT123_safe_realloc
                0x00143b30       0x14 C:/devkitPro/portlibs/3ds/lib\libmpg123.a(compat_str.o)
                0x00143b30                INT123_safe_realloc
 .text.decode_header
                0x00143b44      0x724 C:/devkitPro/portlibs/3ds/lib\libmpg123.a(libmpg123_la-parse.o)
 .text.forget_head_shift
                0x00144268       0x98 C:/devkitPro/portlibs/3ds/lib\libmpg123.a(libmpg123_la-parse.o)
 .text.getbits.constprop.0
                0x00144300       0xb0 C:/devkitPro/portlibs/3ds/lib\libmpg123.a(libmpg123_la-parse.o)
 .text.INT123_frame_freq
                0x001443b0       0x18 C:/devkitPro/portlibs/3ds/lib\libmpg123.a(libmpg123_la-parse.o)
                0x001443b0                INT123_frame_freq
 .text.INT123_read_frame
                0x001443c8     0x2078 C:/devkitPro/portlibs/3ds/lib\libmpg123.a(libmpg123_la-parse.o)
                0x001443c8                INT123_read_frame
 .text.INT123_set_pointer
                0x00146440       0x9c C:/devkitPro/portlibs/3ds/lib\libmpg123.a(libmpg123_la-parse.o)
                0x00146440                INT123_set_pointer
 *fill*         0x001464dc        0x4 
 .text.INT123_compute_bpf
                0x001464e0       0x38 C:/devkitPro/portlibs/3ds/lib\libmpg123.a(libmpg123_la-parse.o)
                0x001464e0                INT123_compute_bpf
 .text.frame_fixed_reset
                0x00146518      0x1d4 C:/devkitPro/portlibs/3ds/lib\libmpg123.a(libmpg123_la-frame.o)
 *fill*         0x001466ec        0x4 
 .text.frame_fuzzy_find.constprop.0
                0x001466f0      0x188 C:/devkitPro/portlibs/3ds/lib\libmpg123.a(libmpg123_la-frame.o)
 .text.INT123_frame_outbuffer
                0x00146878       0xe8 C:/devkitPro/portlibs/3ds/lib\libmpg123.a(libmpg123_la-frame.o)
                0x00146878                INT123_frame_outbuffer
 .text.INT123_frame_index_setup
                0x00146960       0xb4 C:/devkitPro/portlibs/3ds/lib\libmpg123.a(libmpg123_la-frame.o)
                0x00146960                INT123_frame_index_setup
 *fill*         0x00146a14        0x4 
 .text.INT123_frame_init_par
                0x00146a18      0x22c C:/devkitPro/portlibs/3ds/lib\libmpg123.a(libmpg123_la-frame.o)
                0x00146a18                INT123_frame_init_par
 .text.INT123_frame_buffers
                0x00146c44      0x160 C:/devkitPro/portlibs/3ds/lib\libmpg123.a(libmpg123_la-frame.o)
                0x00146c44                INT123_frame_buffers
 *fill*         0x00146da4        0x4 
 .text.INT123_frame_buffers_reset
                0x00146da8       0xa0 C:/devkitPro/portlibs/3ds/lib\libmpg123.a(libmpg123_la-frame.o)
                0x00146da8                INT123_frame_buffers_reset
 .text.INT123_frame_fill_toc
                0x00146e48       0x44 C:/devkitPro/portlibs/3ds/lib\libmpg123.a(libmpg123_la-frame.o)
                0x00146e48                INT123_frame_fill_toc
 .text.INT123_frame_reset
                0x00146e8c       0x44 C:/devkitPro/portlibs/3ds/lib\libmpg123.a(libmpg123_la-frame.o)
                0x00146e8c                INT123_frame_reset
 .text.INT123_frame_exit
                0x00146ed0       0xf0 C:/devkitPro/portlibs/3ds/lib\libmpg123.a(libmpg123_la-frame.o)
                0x00146ed0                INT123_frame_exit
 .text.INT123_frame_index_find
                0x00146fc0      0x148 C:/devkitPro/portlibs/3ds/lib\libmpg123.a(libmpg123_la-frame.o)
                0x00146fc0                INT123_frame_index_find
 .text.INT123_frame_ins2outs
                0x00147108       0xac C:/devkitPro/portlibs/3ds/lib\libmpg123.a(libmpg123_la-frame.o)
                0x00147108                INT123_frame_ins2outs
 .text.INT123_frame_outs
                0x001471b4       0xb0 C:/devkitPro/portlibs/3ds/lib\libmpg123.a(libmpg123_la-frame.o)
                0x001471b4                INT123_frame_outs
 .text.INT123_frame_expect_outsamples
                0x00147264       0x98 C:/devkitPro/portlibs/3ds/lib\libmpg123.a(libmpg123_la-frame.o)
                0x00147264                INT123_frame_expect_outsamples
 .text.INT123_frame_offset
                0x001472fc       0xac C:/devkitPro/portlibs/3ds/lib\libmpg123.a(libmpg123_la-frame.o)
                0x001472fc                INT123_frame_offset
 .text.INT123_frame_gapless_init
                0x001473a8       0xa4 C:/devkitPro/portlibs/3ds/lib\libmpg123.a(libmpg123_la-frame.o)
                0x001473a8                INT123_frame_gapless_init
 .text.INT123_frame_gapless_realinit
                0x0014744c       0x80 C:/devkitPro/portlibs/3ds/lib\libmpg123.a(libmpg123_la-frame.o)
                0x0014744c                INT123_frame_gapless_realinit
 .text.INT123_frame_gapless_update
                0x001474cc      0x128 C:/devkitPro/portlibs/3ds/lib\libmpg123.a(libmpg123_la-frame.o)
                0x001474cc                INT123_frame_gapless_update
 .text.INT123_frame_set_frameseek
                0x001475f4      0x17c C:/devkitPro/portlibs/3ds/lib\libmpg123.a(libmpg123_la-frame.o)
                0x001475f4                INT123_frame_set_frameseek
 .text.INT123_frame_skip
                0x00147770       0x1c C:/devkitPro/portlibs/3ds/lib\libmpg123.a(libmpg123_la-frame.o)
                0x00147770                INT123_frame_skip
 .text.INT123_frame_set_seek
                0x0014778c       0xb0 C:/devkitPro/portlibs/3ds/lib\libmpg123.a(libmpg123_la-frame.o)
                0x0014778c                INT123_frame_set_seek
 *fill*         0x0014783c        0x4 
 .text.INT123_do_rva
                0x00147840      0x178 C:/devkitPro/portlibs/3ds/lib\libmpg123.a(libmpg123_la-frame.o)
                0x00147840                INT123_do_rva
 .text.next_text
                0x001479b8      0x1d4 C:/devkitPro/portlibs/3ds/lib\libmpg123.a(libmpg123_la-id3.o)
 .text.promote_framename
                0x00147b8c      0x218 C:/devkitPro/portlibs/3ds/lib\libmpg123.a(libmpg123_la-id3.o)
 .text.convert_utf16bom
                0x00147da4      0x6bc C:/devkitPro/portlibs/3ds/lib\libmpg123.a(libmpg123_la-id3.o)
 .text.convert_latin1
                0x00148460      0x2d0 C:/devkitPro/portlibs/3ds/lib\libmpg123.a(libmpg123_la-id3.o)
 .text.convert_utf8
                0x00148730       0x48 C:/devkitPro/portlibs/3ds/lib\libmpg123.a(libmpg123_la-id3.o)
 .text.add_id3_text
                0x00148778      0x3f0 C:/devkitPro/portlibs/3ds/lib\libmpg123.a(libmpg123_la-id3.o)
 .text.INT123_init_id3
                0x00148b68       0x58 C:/devkitPro/portlibs/3ds/lib\libmpg123.a(libmpg123_la-id3.o)
                0x00148b68                INT123_init_id3
 .text.INT123_exit_id3
                0x00148bc0      0x2b0 C:/devkitPro/portlibs/3ds/lib\libmpg123.a(libmpg123_la-id3.o)
                0x00148bc0                INT123_exit_id3
 .text.INT123_reset_id3
                0x00148e70       0x60 C:/devkitPro/portlibs/3ds/lib\libmpg123.a(libmpg123_la-id3.o)
                0x00148e70                INT123_reset_id3
 .text.INT123_id3_link
                0x00148ed0      0x78c C:/devkitPro/portlibs/3ds/lib\libmpg123.a(libmpg123_la-id3.o)
                0x00148ed0                INT123_id3_link
 .text.INT123_id3_to_utf8
                0x0014965c      0x28c C:/devkitPro/portlibs/3ds/lib\libmpg123.a(libmpg123_la-id3.o)
                0x0014965c                INT123_id3_to_utf8
 .text.store_id3_text.part.0
                0x001498e8      0x11c C:/devkitPro/portlibs/3ds/lib\libmpg123.a(libmpg123_la-id3.o)
 .text.store_id3v2
                0x00149a04      0x134 C:/devkitPro/portlibs/3ds/lib\libmpg123.a(libmpg123_la-id3.o)
                0x00149a04                store_id3v2
 .text.INT123_parse_new_id3
                0x00149b38     0x2334 C:/devkitPro/portlibs/3ds/lib\libmpg123.a(libmpg123_la-id3.o)
                0x00149b38                INT123_parse_new_id3
 .text.synth_stereo_wrap
                0x0014be6c       0x48 C:/devkitPro/portlibs/3ds/lib\libmpg123.a(libmpg123_la-optimize.o)
 .text.INT123_defdec
                0x0014beb4        0x8 C:/devkitPro/portlibs/3ds/lib\libmpg123.a(libmpg123_la-optimize.o)
                0x0014beb4                INT123_defdec
 .text.INT123_decclass
                0x0014bebc       0x20 C:/devkitPro/portlibs/3ds/lib\libmpg123.a(libmpg123_la-optimize.o)
                0x0014bebc                INT123_decclass
 .text.INT123_set_synth_functions
                0x0014bedc      0x328 C:/devkitPro/portlibs/3ds/lib\libmpg123.a(libmpg123_la-optimize.o)
                0x0014bedc                INT123_set_synth_functions
 .text.INT123_frame_cpu_opt
                0x0014c204      0x2b0 C:/devkitPro/portlibs/3ds/lib\libmpg123.a(libmpg123_la-optimize.o)
                0x0014c204                INT123_frame_cpu_opt
 .text.nix_lseek
                0x0014c4b4        0xc C:/devkitPro/portlibs/3ds/lib\libmpg123.a(libmpg123_la-readers.o)
 .text.plain_fullread
                0x0014c4c0       0xb4 C:/devkitPro/portlibs/3ds/lib\libmpg123.a(libmpg123_la-readers.o)
 .text.generic_head_read
                0x0014c574       0x4c C:/devkitPro/portlibs/3ds/lib\libmpg123.a(libmpg123_la-readers.o)
 .text.generic_head_shift
                0x0014c5c0       0x4c C:/devkitPro/portlibs/3ds/lib\libmpg123.a(libmpg123_la-readers.o)
 .text.generic_read_frame_body
                0x0014c60c       0x30 C:/devkitPro/portlibs/3ds/lib\libmpg123.a(libmpg123_la-readers.o)
 .text.generic_tell
                0x0014c63c       0x68 C:/devkitPro/portlibs/3ds/lib\libmpg123.a(libmpg123_la-readers.o)
 .text.feed_skip_bytes
                0x0014c6a4       0x6c C:/devkitPro/portlibs/3ds/lib\libmpg123.a(libmpg123_la-readers.o)
 .text.feed_seek_frame
                0x0014c710        0x8 C:/devkitPro/portlibs/3ds/lib\libmpg123.a(libmpg123_la-readers.o)
 .text.bad_init
                0x0014c718       0x18 C:/devkitPro/portlibs/3ds/lib\libmpg123.a(libmpg123_la-readers.o)
 .text.bad_close
                0x0014c730        0x4 C:/devkitPro/portlibs/3ds/lib\libmpg123.a(libmpg123_la-readers.o)
 .text.bad_fullread
                0x0014c734       0x18 C:/devkitPro/portlibs/3ds/lib\libmpg123.a(libmpg123_la-readers.o)
 .text.bad_head_read
                0x0014c74c       0x18 C:/devkitPro/portlibs/3ds/lib\libmpg123.a(libmpg123_la-readers.o)
 .text.bad_skip_bytes
                0x0014c764       0x1c C:/devkitPro/portlibs/3ds/lib\libmpg123.a(libmpg123_la-readers.o)
 .text.bad_back_bytes
                0x0014c780       0x18 C:/devkitPro/portlibs/3ds/lib\libmpg123.a(libmpg123_la-readers.o)
 .text.bad_tell
                0x0014c798       0x1c C:/devkitPro/portlibs/3ds/lib\libmpg123.a(libmpg123_la-readers.o)
 .text.plain_read
                0x0014c7b4       0x38 C:/devkitPro/portlibs/3ds/lib\libmpg123.a(libmpg123_la-readers.o)
 .text.bc_give  0x0014c7ec      0x130 C:/devkitPro/portlibs/3ds/lib\libmpg123.a(libmpg123_la-readers.o)
 .text.feed_read
                0x0014c91c       0x30 C:/devkitPro/portlibs/3ds/lib\libmpg123.a(libmpg123_la-readers.o)
 .text.bc_add   0x0014c94c      0x130 C:/devkitPro/portlibs/3ds/lib\libmpg123.a(libmpg123_la-readers.o)
 .text.icy_fullread
                0x0014ca7c      0x3d8 C:/devkitPro/portlibs/3ds/lib\libmpg123.a(libmpg123_la-readers.o)
 .text.buffered_fullread
                0x0014ce54      0x1ac C:/devkitPro/portlibs/3ds/lib\libmpg123.a(libmpg123_la-readers.o)
 .text.stream_seek_frame
                0x0014d000      0x124 C:/devkitPro/portlibs/3ds/lib\libmpg123.a(libmpg123_la-readers.o)
 .text.posix_lseek
                0x0014d124        0x4 C:/devkitPro/portlibs/3ds/lib\libmpg123.a(libmpg123_la-readers.o)
 .text.posix_read
                0x0014d128        0x4 C:/devkitPro/portlibs/3ds/lib\libmpg123.a(libmpg123_la-readers.o)
 .text.buffered_forget
                0x0014d12c       0xfc C:/devkitPro/portlibs/3ds/lib\libmpg123.a(libmpg123_la-readers.o)
 .text.io_seek  0x0014d228       0x58 C:/devkitPro/portlibs/3ds/lib\libmpg123.a(libmpg123_la-readers.o)
 .text.stream_skip_bytes
                0x0014d280      0x138 C:/devkitPro/portlibs/3ds/lib\libmpg123.a(libmpg123_la-readers.o)
 .text.stream_back_bytes
                0x0014d3b8       0x60 C:/devkitPro/portlibs/3ds/lib\libmpg123.a(libmpg123_la-readers.o)
 .text.default_init
                0x0014d418      0x2d8 C:/devkitPro/portlibs/3ds/lib\libmpg123.a(libmpg123_la-readers.o)
 .text.bad_read_frame_body
                0x0014d6f0       0x18 C:/devkitPro/portlibs/3ds/lib\libmpg123.a(libmpg123_la-readers.o)
 .text.bad_seek_frame
                0x0014d708       0x18 C:/devkitPro/portlibs/3ds/lib\libmpg123.a(libmpg123_la-readers.o)
 .text.bad_head_shift
                0x0014d720       0x18 C:/devkitPro/portlibs/3ds/lib\libmpg123.a(libmpg123_la-readers.o)
 .text.bad_rewind
                0x0014d738        0x4 C:/devkitPro/portlibs/3ds/lib\libmpg123.a(libmpg123_la-readers.o)
 .text.stream_rewind
                0x0014d73c       0x8c C:/devkitPro/portlibs/3ds/lib\libmpg123.a(libmpg123_la-readers.o)
 .text.bc_fill_pool.isra.0
                0x0014d7c8      0x1e0 C:/devkitPro/portlibs/3ds/lib\libmpg123.a(libmpg123_la-readers.o)
 .text.feed_init
                0x0014d9a8       0x50 C:/devkitPro/portlibs/3ds/lib\libmpg123.a(libmpg123_la-readers.o)
 .text.bc_reset
                0x0014d9f8       0x8c C:/devkitPro/portlibs/3ds/lib\libmpg123.a(libmpg123_la-readers.o)
 .text.stream_close
                0x0014da84       0x7c C:/devkitPro/portlibs/3ds/lib\libmpg123.a(libmpg123_la-readers.o)
 .text.feed_back_bytes
                0x0014db00       0x90 C:/devkitPro/portlibs/3ds/lib\libmpg123.a(libmpg123_la-readers.o)
 .text.INT123_bc_prepare
                0x0014db90       0x38 C:/devkitPro/portlibs/3ds/lib\libmpg123.a(libmpg123_la-readers.o)
                0x0014db90                INT123_bc_prepare
 .text.INT123_bc_poolsize
                0x0014dbc8        0xc C:/devkitPro/portlibs/3ds/lib\libmpg123.a(libmpg123_la-readers.o)
                0x0014dbc8                INT123_bc_poolsize
 .text.INT123_bc_cleanup
                0x0014dbd4      0x104 C:/devkitPro/portlibs/3ds/lib\libmpg123.a(libmpg123_la-readers.o)
                0x0014dbd4                INT123_bc_cleanup
 .text.INT123_open_bad
                0x0014dcd8       0x5c C:/devkitPro/portlibs/3ds/lib\libmpg123.a(libmpg123_la-readers.o)
                0x0014dcd8                INT123_open_bad
 *fill*         0x0014dd34        0x4 
 .text.INT123_open_stream
                0x0014dd38      0x104 C:/devkitPro/portlibs/3ds/lib\libmpg123.a(libmpg123_la-readers.o)
                0x0014dd38                INT123_open_stream
 *fill*         0x0014de3c        0x4 
 .text.INT123_make_decode_tables
                0x0014de40      0x2d8 C:/devkitPro/portlibs/3ds/lib\libmpg123.a(libmpg123_la-tabinit.o)
                0x0014de40                INT123_make_decode_tables
 .text.INT123_make_conv16to8_table
                0x0014e118      0xb34 C:/devkitPro/portlibs/3ds/lib\libmpg123.a(libmpg123_la-tabinit.o)
                0x0014e118                INT123_make_conv16to8_table
 .text.getbits  0x0014ec4c       0xb4 C:/devkitPro/portlibs/3ds/lib\libmpg123.a(libmpg123_la-layer1.o)
 .text.INT123_do_layer1
                0x0014ed00     0x20d8 C:/devkitPro/portlibs/3ds/lib\libmpg123.a(libmpg123_la-layer1.o)
                0x0014ed00                INT123_do_layer1
 .text.getbits  0x00150dd8       0xb4 C:/devkitPro/portlibs/3ds/lib\libmpg123.a(libmpg123_la-layer2.o)
 .text.INT123_init_layer12_stuff
                0x00150e8c       0xec C:/devkitPro/portlibs/3ds/lib\libmpg123.a(libmpg123_la-layer2.o)
                0x00150e8c                INT123_init_layer12_stuff
 .text.INT123_init_layer12_table
                0x00150f78       0x2c C:/devkitPro/portlibs/3ds/lib\libmpg123.a(libmpg123_la-layer2.o)
                0x00150f78                INT123_init_layer12_table
 .text.INT123_do_layer2
                0x00150fa4     0x1f08 C:/devkitPro/portlibs/3ds/lib\libmpg123.a(libmpg123_la-layer2.o)
                0x00150fa4                INT123_do_layer2
 .text.III_get_scale_factors_2
                0x00152eac      0x2a0 C:/devkitPro/portlibs/3ds/lib\libmpg123.a(libmpg123_la-layer3.o)
 .text.dct12    0x0015314c      0x45c C:/devkitPro/portlibs/3ds/lib\libmpg123.a(libmpg123_la-layer3.o)
 .text.getbits  0x001535a8       0xb4 C:/devkitPro/portlibs/3ds/lib\libmpg123.a(libmpg123_la-layer3.o)
 *fill*         0x0015365c        0x4 
 .text.III_dequantize_sample
                0x00153660     0x1ab0 C:/devkitPro/portlibs/3ds/lib\libmpg123.a(libmpg123_la-layer3.o)
 .text.III_get_scale_factors_1.isra.0
                0x00155110     0x12d4 C:/devkitPro/portlibs/3ds/lib\libmpg123.a(libmpg123_la-layer3.o)
 *fill*         0x001563e4        0x4 
 .text.INT123_init_layer3_gainpow2
                0x001563e8       0x30 C:/devkitPro/portlibs/3ds/lib\libmpg123.a(libmpg123_la-layer3.o)
                0x001563e8                INT123_init_layer3_gainpow2
 .text.INT123_init_layer3_stuff
                0x00156418      0x430 C:/devkitPro/portlibs/3ds/lib\libmpg123.a(libmpg123_la-layer3.o)
                0x00156418                INT123_init_layer3_stuff
 .text.INT123_dct36
                0x00156848      0x594 C:/devkitPro/portlibs/3ds/lib\libmpg123.a(libmpg123_la-layer3.o)
                0x00156848                INT123_dct36
 *fill*         0x00156ddc        0x4 
 .text.INT123_do_layer3
                0x00156de0     0x368c C:/devkitPro/portlibs/3ds/lib\libmpg123.a(libmpg123_la-layer3.o)
                0x00156de0                INT123_do_layer3
 .text.INT123_synth_1to1_8bit
                0x0015a46c      0x44c C:/devkitPro/portlibs/3ds/lib\libmpg123.a(libmpg123_la-synth_8bit.o)
                0x0015a46c                INT123_synth_1to1_8bit
 .text.INT123_synth_1to1_8bit_mono
                0x0015a8b8       0xac C:/devkitPro/portlibs/3ds/lib\libmpg123.a(libmpg123_la-synth_8bit.o)
                0x0015a8b8                INT123_synth_1to1_8bit_mono
 .text.INT123_synth_1to1_8bit_m2s
                0x0015a964       0x90 C:/devkitPro/portlibs/3ds/lib\libmpg123.a(libmpg123_la-synth_8bit.o)
                0x0015a964                INT123_synth_1to1_8bit_m2s
 .text.INT123_synth_1to1_8bit_wrap
                0x0015a9f4      0x10c C:/devkitPro/portlibs/3ds/lib\libmpg123.a(libmpg123_la-synth_8bit.o)
                0x0015a9f4                INT123_synth_1to1_8bit_wrap
 .text.INT123_synth_1to1_8bit_wrap_mono
                0x0015ab00       0xf4 C:/devkitPro/portlibs/3ds/lib\libmpg123.a(libmpg123_la-synth_8bit.o)
                0x0015ab00                INT123_synth_1to1_8bit_wrap_mono
 .text.INT123_synth_1to1_8bit_wrap_m2s
                0x0015abf4      0x16c C:/devkitPro/portlibs/3ds/lib\libmpg123.a(libmpg123_la-synth_8bit.o)
                0x0015abf4                INT123_synth_1to1_8bit_wrap_m2s
 .text.INT123_synth_2to1_8bit
                0x0015ad60      0x44c C:/devkitPro/portlibs/3ds/lib\libmpg123.a(libmpg123_la-synth_8bit.o)
                0x0015ad60                INT123_synth_2to1_8bit
 .text.INT123_synth_2to1_8bit_mono
                0x0015b1ac       0xcc C:/devkitPro/portlibs/3ds/lib\libmpg123.a(libmpg123_la-synth_8bit.o)
                0x0015b1ac                INT123_synth_2to1_8bit_mono
 .text.INT123_synth_2to1_8bit_m2s
                0x0015b278       0xb4 C:/devkitPro/portlibs/3ds/lib\libmpg123.a(libmpg123_la-synth_8bit.o)
                0x0015b278                INT123_synth_2to1_8bit_m2s
 .text.INT123_synth_4to1_8bit
                0x0015b32c      0x658 C:/devkitPro/portlibs/3ds/lib\libmpg123.a(libmpg123_la-synth_8bit.o)
                0x0015b32c                INT123_synth_4to1_8bit
 .text.INT123_synth_4to1_8bit_mono
                0x0015b984       0x8c C:/devkitPro/portlibs/3ds/lib\libmpg123.a(libmpg123_la-synth_8bit.o)
                0x0015b984                INT123_synth_4to1_8bit_mono
 .text.INT123_synth_4to1_8bit_m2s
                0x0015ba10       0x74 C:/devkitPro/portlibs/3ds/lib\libmpg123.a(libmpg123_la-synth_8bit.o)
                0x0015ba10                INT123_synth_4to1_8bit_m2s
 .text.INT123_synth_ntom_8bit
                0x0015ba84      0x9ec C:/devkitPro/portlibs/3ds/lib\libmpg123.a(libmpg123_la-synth_8bit.o)
                0x0015ba84                INT123_synth_ntom_8bit
 .text.INT123_synth_ntom_8bit_mono
                0x0015c470      0x178 C:/devkitPro/portlibs/3ds/lib\libmpg123.a(libmpg123_la-synth_8bit.o)
                0x0015c470                INT123_synth_ntom_8bit_mono
 .text.INT123_synth_ntom_8bit_m2s
                0x0015c5e8      0x120 C:/devkitPro/portlibs/3ds/lib\libmpg123.a(libmpg123_la-synth_8bit.o)
                0x0015c5e8                INT123_synth_ntom_8bit_m2s
 .text.INT123_synth_1to1
                0x0015c708      0x424 C:/devkitPro/portlibs/3ds/lib\libmpg123.a(libmpg123_la-synth.o)
                0x0015c708                INT123_synth_1to1
 .text.INT123_synth_1to1_mono
                0x0015cb2c       0xac C:/devkitPro/portlibs/3ds/lib\libmpg123.a(libmpg123_la-synth.o)
                0x0015cb2c                INT123_synth_1to1_mono
 .text.INT123_synth_1to1_m2s
                0x0015cbd8       0x90 C:/devkitPro/portlibs/3ds/lib\libmpg123.a(libmpg123_la-synth.o)
                0x0015cbd8                INT123_synth_1to1_m2s
 .text.INT123_synth_2to1
                0x0015cc68      0x424 C:/devkitPro/portlibs/3ds/lib\libmpg123.a(libmpg123_la-synth.o)
                0x0015cc68                INT123_synth_2to1
 .text.INT123_synth_2to1_mono
                0x0015d08c       0xcc C:/devkitPro/portlibs/3ds/lib\libmpg123.a(libmpg123_la-synth.o)
                0x0015d08c                INT123_synth_2to1_mono
 .text.INT123_synth_2to1_m2s
                0x0015d158       0xb4 C:/devkitPro/portlibs/3ds/lib\libmpg123.a(libmpg123_la-synth.o)
                0x0015d158                INT123_synth_2to1_m2s
 .text.INT123_synth_4to1
                0x0015d20c      0x8fc C:/devkitPro/portlibs/3ds/lib\libmpg123.a(libmpg123_la-synth.o)
                0x0015d20c                INT123_synth_4to1
 .text.INT123_synth_4to1_mono
                0x0015db08       0x8c C:/devkitPro/portlibs/3ds/lib\libmpg123.a(libmpg123_la-synth.o)
                0x0015db08                INT123_synth_4to1_mono
 .text.INT123_synth_4to1_m2s
                0x0015db94       0x74 C:/devkitPro/portlibs/3ds/lib\libmpg123.a(libmpg123_la-synth.o)
                0x0015db94                INT123_synth_4to1_m2s
 .text.INT123_synth_ntom
                0x0015dc08      0xe80 C:/devkitPro/portlibs/3ds/lib\libmpg123.a(libmpg123_la-synth.o)
                0x0015dc08                INT123_synth_ntom
 .text.INT123_synth_ntom_mono
                0x0015ea88      0x160 C:/devkitPro/portlibs/3ds/lib\libmpg123.a(libmpg123_la-synth.o)
                0x0015ea88                INT123_synth_ntom_mono
 .text.INT123_synth_ntom_m2s
                0x0015ebe8      0x138 C:/devkitPro/portlibs/3ds/lib\libmpg123.a(libmpg123_la-synth.o)
                0x0015ebe8                INT123_synth_ntom_m2s
 .text.INT123_synth_1to1_s32
                0x0015ed20      0x428 C:/devkitPro/portlibs/3ds/lib\libmpg123.a(libmpg123_la-synth_s32.o)
                0x0015ed20                INT123_synth_1to1_s32
 .text.INT123_synth_1to1_s32_mono
                0x0015f148       0xac C:/devkitPro/portlibs/3ds/lib\libmpg123.a(libmpg123_la-synth_s32.o)
                0x0015f148                INT123_synth_1to1_s32_mono
 .text.INT123_synth_1to1_s32_m2s
                0x0015f1f4       0xa4 C:/devkitPro/portlibs/3ds/lib\libmpg123.a(libmpg123_la-synth_s32.o)
                0x0015f1f4                INT123_synth_1to1_s32_m2s
 .text.INT123_synth_2to1_s32
                0x0015f298      0x428 C:/devkitPro/portlibs/3ds/lib\libmpg123.a(libmpg123_la-synth_s32.o)
                0x0015f298                INT123_synth_2to1_s32
 .text.INT123_synth_2to1_s32_mono
                0x0015f6c0       0xcc C:/devkitPro/portlibs/3ds/lib\libmpg123.a(libmpg123_la-synth_s32.o)
                0x0015f6c0                INT123_synth_2to1_s32_mono
 .text.INT123_synth_2to1_s32_m2s
                0x0015f78c       0xb4 C:/devkitPro/portlibs/3ds/lib\libmpg123.a(libmpg123_la-synth_s32.o)
                0x0015f78c                INT123_synth_2to1_s32_m2s
 .text.INT123_synth_4to1_s32
                0x0015f840      0x924 C:/devkitPro/portlibs/3ds/lib\libmpg123.a(libmpg123_la-synth_s32.o)
                0x0015f840                INT123_synth_4to1_s32
 .text.INT123_synth_4to1_s32_mono
                0x00160164       0x8c C:/devkitPro/portlibs/3ds/lib\libmpg123.a(libmpg123_la-synth_s32.o)
                0x00160164                INT123_synth_4to1_s32_mono
 .text.INT123_synth_4to1_s32_m2s
                0x001601f0       0x74 C:/devkitPro/portlibs/3ds/lib\libmpg123.a(libmpg123_la-synth_s32.o)
                0x001601f0                INT123_synth_4to1_s32_m2s
 *fill*         0x00160264        0x4 
 .text.INT123_synth_ntom_s32
                0x00160268      0xe64 C:/devkitPro/portlibs/3ds/lib\libmpg123.a(libmpg123_la-synth_s32.o)
                0x00160268                INT123_synth_ntom_s32
 .text.INT123_synth_ntom_s32_mono
                0x001610cc      0x160 C:/devkitPro/portlibs/3ds/lib\libmpg123.a(libmpg123_la-synth_s32.o)
                0x001610cc                INT123_synth_ntom_s32_mono
 .text.INT123_synth_ntom_s32_m2s
                0x0016122c      0x14c C:/devkitPro/portlibs/3ds/lib\libmpg123.a(libmpg123_la-synth_s32.o)
                0x0016122c                INT123_synth_ntom_s32_m2s
 .text.INT123_synth_1to1_real
                0x00161378      0x36c C:/devkitPro/portlibs/3ds/lib\libmpg123.a(libmpg123_la-synth_real.o)
                0x00161378                INT123_synth_1to1_real
 .text.INT123_synth_1to1_real_mono
                0x001616e4       0xac C:/devkitPro/portlibs/3ds/lib\libmpg123.a(libmpg123_la-synth_real.o)
                0x001616e4                INT123_synth_1to1_real_mono
 .text.INT123_synth_1to1_real_m2s
                0x00161790       0xa8 C:/devkitPro/portlibs/3ds/lib\libmpg123.a(libmpg123_la-synth_real.o)
                0x00161790                INT123_synth_1to1_real_m2s
 .text.INT123_synth_2to1_real
                0x00161838      0x368 C:/devkitPro/portlibs/3ds/lib\libmpg123.a(libmpg123_la-synth_real.o)
                0x00161838                INT123_synth_2to1_real
 .text.INT123_synth_2to1_real_mono